2026-06-09 17:01:23,728 NanoPlot 1.42.0 started with arguments Namespace(threads=12, verbose=False, store=False, raw=False, huge=False, outdir='ST05021_waterbird_1_raw', no_static=False, prefix='', tsv_stats=True, only_report=False, info_in_report=False, maxlength=None, minlength=None, drop_outliers=False, downsample=None, loglength=False, percentqual=False, alength=False, minqual=None, runtime_until=None, readtype='1D', barcoded=False, no_supplementary=False, color='#4CB391', colormap='Greens', format=['png'], plots=['kde', 'dot'], legacy=None, listcolors=False, listcolormaps=False, no_N50=False, N50=True, title=None, font_scale=1, dpi=100, hide_stats=False, fastq=['ST05021_waterbird_1.fastq.gz'], fasta=None, fastq_rich=None, fastq_minimal=None, summary=None, bam=None, ubam=None, cram=None, pickle=None, feather=None, path='ST05021_waterbird_1_raw/')
2026-06-09 17:01:23,728 Python version is: 3.12.3 | packaged by conda-forge | (main, Apr 15 2024, 18:38:13) [GCC 12.3.0]
2026-06-09 17:01:23,739 Nanoget: Starting to collect statistics from plain fastq file.
2026-06-09 17:01:23,740 Nanoget: Decompressing gzipped fastq ST05021_waterbird_1.fastq.gz
2026-06-09 17:01:34,921 Reduced DataFrame memory usage from 1.5597724914550781Mb to 1.5597724914550781Mb
2026-06-09 17:01:34,940 Nanoget: Gathered all metrics of 102213 reads
2026-06-09 17:01:34,982 Calculated statistics
2026-06-09 17:01:34,983 Using sequenced read lengths for plotting.
2026-06-09 17:01:34,987 NanoPlot:  Valid color #4CB391.
2026-06-09 17:01:34,987 NanoPlot:  Valid colormap Greens.
2026-06-09 17:01:34,991 NanoPlot:  Creating length plots for Read length.
2026-06-09 17:01:34,991 NanoPlot: Using 102213 reads with read length N50 of 1573bp and maximum of 5016bp.
2026-06-09 17:01:35,784 Saved ST05021_waterbird_1_raw/WeightedHistogramReadlength  as png (or png for --legacy)
2026-06-09 17:01:36,557 Saved ST05021_waterbird_1_raw/WeightedLogTransformed_HistogramReadlength  as png (or png for --legacy)
2026-06-09 17:01:37,329 Saved ST05021_waterbird_1_raw/Non_weightedHistogramReadlength  as png (or png for --legacy)
2026-06-09 17:01:38,113 Saved ST05021_waterbird_1_raw/Non_weightedLogTransformed_HistogramReadlength  as png (or png for --legacy)
2026-06-09 17:01:39,391 Saved ST05021_waterbird_1_raw/Yield_By_Length  as png (or png for --legacy)
2026-06-09 17:01:39,392 Created length plots
2026-06-09 17:01:39,396 NanoPlot: Creating Read lengths vs Average read quality plots using 102213 reads.
2026-06-09 17:01:40,817 Saved ST05021_waterbird_1_raw/LengthvsQualityScatterPlot_dot  as png (or png for --legacy)
2026-06-09 17:01:42,844 Saved ST05021_waterbird_1_raw/LengthvsQualityScatterPlot_kde  as png (or png for --legacy)
2026-06-09 17:01:42,845 Created LengthvsQual plot
2026-06-09 17:01:42,845 Writing html report.
2026-06-09 17:01:42,858 Finished!
