2026-06-09 17:00:24,609 NanoPlot 1.42.0 started with arguments Namespace(threads=12, verbose=False, store=False, raw=False, huge=False, outdir='ST05019_waterbird_1_raw', no_static=False, prefix='', tsv_stats=True, only_report=False, info_in_report=False, maxlength=None, minlength=None, drop_outliers=False, downsample=None, loglength=False, percentqual=False, alength=False, minqual=None, runtime_until=None, readtype='1D', barcoded=False, no_supplementary=False, color='#4CB391', colormap='Greens', format=['png'], plots=['kde', 'dot'], legacy=None, listcolors=False, listcolormaps=False, no_N50=False, N50=True, title=None, font_scale=1, dpi=100, hide_stats=False, fastq=['ST05019_waterbird_1.fastq.gz'], fasta=None, fastq_rich=None, fastq_minimal=None, summary=None, bam=None, ubam=None, cram=None, pickle=None, feather=None, path='ST05019_waterbird_1_raw/')
2026-06-09 17:00:24,609 Python version is: 3.12.3 | packaged by conda-forge | (main, Apr 15 2024, 18:38:13) [GCC 12.3.0]
2026-06-09 17:00:24,621 Nanoget: Starting to collect statistics from plain fastq file.
2026-06-09 17:00:24,622 Nanoget: Decompressing gzipped fastq ST05019_waterbird_1.fastq.gz
2026-06-09 17:00:35,406 Reduced DataFrame memory usage from 1.4232063293457031Mb to 1.4232063293457031Mb
2026-06-09 17:00:35,424 Nanoget: Gathered all metrics of 93263 reads
2026-06-09 17:00:35,465 Calculated statistics
2026-06-09 17:00:35,466 Using sequenced read lengths for plotting.
2026-06-09 17:00:35,469 NanoPlot:  Valid color #4CB391.
2026-06-09 17:00:35,470 NanoPlot:  Valid colormap Greens.
2026-06-09 17:00:35,473 NanoPlot:  Creating length plots for Read length.
2026-06-09 17:00:35,473 NanoPlot: Using 93263 reads with read length N50 of 1611bp and maximum of 5645bp.
2026-06-09 17:00:36,267 Saved ST05019_waterbird_1_raw/WeightedHistogramReadlength  as png (or png for --legacy)
2026-06-09 17:00:37,048 Saved ST05019_waterbird_1_raw/WeightedLogTransformed_HistogramReadlength  as png (or png for --legacy)
2026-06-09 17:00:37,833 Saved ST05019_waterbird_1_raw/Non_weightedHistogramReadlength  as png (or png for --legacy)
2026-06-09 17:00:38,628 Saved ST05019_waterbird_1_raw/Non_weightedLogTransformed_HistogramReadlength  as png (or png for --legacy)
2026-06-09 17:00:39,936 Saved ST05019_waterbird_1_raw/Yield_By_Length  as png (or png for --legacy)
2026-06-09 17:00:39,936 Created length plots
2026-06-09 17:00:39,940 NanoPlot: Creating Read lengths vs Average read quality plots using 93263 reads.
2026-06-09 17:00:41,344 Saved ST05019_waterbird_1_raw/LengthvsQualityScatterPlot_dot  as png (or png for --legacy)
2026-06-09 17:00:43,399 Saved ST05019_waterbird_1_raw/LengthvsQualityScatterPlot_kde  as png (or png for --legacy)
2026-06-09 17:00:43,400 Created LengthvsQual plot
2026-06-09 17:00:43,400 Writing html report.
2026-06-09 17:00:43,412 Finished!
