2026-06-09 17:40:17,879 NanoPlot 1.42.0 started with arguments Namespace(threads=12, verbose=False, store=False, raw=False, huge=False, outdir='SX03216_waterbird_2_filt', no_static=False, prefix='', tsv_stats=True, only_report=False, info_in_report=False, maxlength=None, minlength=None, drop_outliers=False, downsample=None, loglength=False, percentqual=False, alength=False, minqual=None, runtime_until=None, readtype='1D', barcoded=False, no_supplementary=False, color='#4CB391', colormap='Greens', format=['png'], plots=['kde', 'dot'], legacy=None, listcolors=False, listcolormaps=False, no_N50=False, N50=True, title=None, font_scale=1, dpi=100, hide_stats=False, fastq=['SX03216_waterbird_2_filt.fastq.gz'], fasta=None, fastq_rich=None, fastq_minimal=None, summary=None, bam=None, ubam=None, cram=None, pickle=None, feather=None, path='SX03216_waterbird_2_filt/')
2026-06-09 17:40:17,879 Python version is: 3.12.3 | packaged by conda-forge | (main, Apr 15 2024, 18:38:13) [GCC 12.3.0]
2026-06-09 17:40:17,895 Nanoget: Starting to collect statistics from plain fastq file.
2026-06-09 17:40:17,895 Nanoget: Decompressing gzipped fastq SX03216_waterbird_2_filt.fastq.gz
2026-06-09 17:40:19,296 Reduced DataFrame memory usage from 0.18361282348632812Mb to 0.18361282348632812Mb
2026-06-09 17:40:19,307 Nanoget: Gathered all metrics of 12025 reads
2026-06-09 17:40:19,327 Calculated statistics
2026-06-09 17:40:19,328 Using sequenced read lengths for plotting.
2026-06-09 17:40:19,329 NanoPlot:  Valid color #4CB391.
2026-06-09 17:40:19,329 NanoPlot:  Valid colormap Greens.
2026-06-09 17:40:19,331 NanoPlot:  Creating length plots for Read length.
2026-06-09 17:40:19,331 NanoPlot: Using 12025 reads with read length N50 of 1578bp and maximum of 1799bp.
2026-06-09 17:40:20,096 Saved SX03216_waterbird_2_filt/WeightedHistogramReadlength  as png (or png for --legacy)
2026-06-09 17:40:20,854 Saved SX03216_waterbird_2_filt/WeightedLogTransformed_HistogramReadlength  as png (or png for --legacy)
2026-06-09 17:40:21,667 Saved SX03216_waterbird_2_filt/Non_weightedHistogramReadlength  as png (or png for --legacy)
2026-06-09 17:40:22,448 Saved SX03216_waterbird_2_filt/Non_weightedLogTransformed_HistogramReadlength  as png (or png for --legacy)
2026-06-09 17:40:23,724 Saved SX03216_waterbird_2_filt/Yield_By_Length  as png (or png for --legacy)
2026-06-09 17:40:23,724 Created length plots
2026-06-09 17:40:23,726 NanoPlot: Creating Read lengths vs Average read quality plots using 12025 reads.
2026-06-09 17:40:25,135 Saved SX03216_waterbird_2_filt/LengthvsQualityScatterPlot_dot  as png (or png for --legacy)
2026-06-09 17:40:27,162 Saved SX03216_waterbird_2_filt/LengthvsQualityScatterPlot_kde  as png (or png for --legacy)
2026-06-09 17:40:27,162 Created LengthvsQual plot
2026-06-09 17:40:27,163 Writing html report.
2026-06-09 17:40:27,174 Finished!
