2026-06-09 17:27:36,838 NanoPlot 1.42.0 started with arguments Namespace(threads=12, verbose=False, store=False, raw=False, huge=False, outdir='ST05321_waterbird_2_filt', no_static=False, prefix='', tsv_stats=True, only_report=False, info_in_report=False, maxlength=None, minlength=None, drop_outliers=False, downsample=None, loglength=False, percentqual=False, alength=False, minqual=None, runtime_until=None, readtype='1D', barcoded=False, no_supplementary=False, color='#4CB391', colormap='Greens', format=['png'], plots=['kde', 'dot'], legacy=None, listcolors=False, listcolormaps=False, no_N50=False, N50=True, title=None, font_scale=1, dpi=100, hide_stats=False, fastq=['ST05321_waterbird_2_filt.fastq.gz'], fasta=None, fastq_rich=None, fastq_minimal=None, summary=None, bam=None, ubam=None, cram=None, pickle=None, feather=None, path='ST05321_waterbird_2_filt/')
2026-06-09 17:27:36,838 Python version is: 3.12.3 | packaged by conda-forge | (main, Apr 15 2024, 18:38:13) [GCC 12.3.0]
2026-06-09 17:27:36,850 Nanoget: Starting to collect statistics from plain fastq file.
2026-06-09 17:27:36,851 Nanoget: Decompressing gzipped fastq ST05321_waterbird_2_filt.fastq.gz
2026-06-09 17:27:50,425 Reduced DataFrame memory usage from 1.8355445861816406Mb to 1.8355445861816406Mb
2026-06-09 17:27:50,448 Nanoget: Gathered all metrics of 120286 reads
2026-06-09 17:27:50,498 Calculated statistics
2026-06-09 17:27:50,498 Using sequenced read lengths for plotting.
2026-06-09 17:27:50,503 NanoPlot:  Valid color #4CB391.
2026-06-09 17:27:50,503 NanoPlot:  Valid colormap Greens.
2026-06-09 17:27:50,508 NanoPlot:  Creating length plots for Read length.
2026-06-09 17:27:50,508 NanoPlot: Using 120286 reads with read length N50 of 1600bp and maximum of 1800bp.
2026-06-09 17:27:51,294 Saved ST05321_waterbird_2_filt/WeightedHistogramReadlength  as png (or png for --legacy)
2026-06-09 17:27:52,073 Saved ST05321_waterbird_2_filt/WeightedLogTransformed_HistogramReadlength  as png (or png for --legacy)
2026-06-09 17:27:52,884 Saved ST05321_waterbird_2_filt/Non_weightedHistogramReadlength  as png (or png for --legacy)
2026-06-09 17:27:53,661 Saved ST05321_waterbird_2_filt/Non_weightedLogTransformed_HistogramReadlength  as png (or png for --legacy)
2026-06-09 17:27:54,945 Saved ST05321_waterbird_2_filt/Yield_By_Length  as png (or png for --legacy)
2026-06-09 17:27:54,945 Created length plots
2026-06-09 17:27:54,948 NanoPlot: Creating Read lengths vs Average read quality plots using 120286 reads.
2026-06-09 17:27:56,383 Saved ST05321_waterbird_2_filt/LengthvsQualityScatterPlot_dot  as png (or png for --legacy)
2026-06-09 17:27:58,371 Saved ST05321_waterbird_2_filt/LengthvsQualityScatterPlot_kde  as png (or png for --legacy)
2026-06-09 17:27:58,371 Created LengthvsQual plot
2026-06-09 17:27:58,371 Writing html report.
2026-06-09 17:27:58,378 Finished!
