2026-06-09 16:56:39,748 NanoPlot 1.42.0 started with arguments Namespace(threads=12, verbose=False, store=False, raw=False, huge=False, outdir='ST05013_waterbird_1_raw', no_static=False, prefix='', tsv_stats=True, only_report=False, info_in_report=False, maxlength=None, minlength=None, drop_outliers=False, downsample=None, loglength=False, percentqual=False, alength=False, minqual=None, runtime_until=None, readtype='1D', barcoded=False, no_supplementary=False, color='#4CB391', colormap='Greens', format=['png'], plots=['kde', 'dot'], legacy=None, listcolors=False, listcolormaps=False, no_N50=False, N50=True, title=None, font_scale=1, dpi=100, hide_stats=False, fastq=['ST05013_waterbird_1.fastq.gz'], fasta=None, fastq_rich=None, fastq_minimal=None, summary=None, bam=None, ubam=None, cram=None, pickle=None, feather=None, path='ST05013_waterbird_1_raw/')
2026-06-09 16:56:39,748 Python version is: 3.12.3 | packaged by conda-forge | (main, Apr 15 2024, 18:38:13) [GCC 12.3.0]
2026-06-09 16:56:39,760 Nanoget: Starting to collect statistics from plain fastq file.
2026-06-09 16:56:39,760 Nanoget: Decompressing gzipped fastq ST05013_waterbird_1.fastq.gz
2026-06-09 16:56:48,646 Reduced DataFrame memory usage from 1.1382942199707031Mb to 1.1382942199707031Mb
2026-06-09 16:56:48,663 Nanoget: Gathered all metrics of 74591 reads
2026-06-09 16:56:48,700 Calculated statistics
2026-06-09 16:56:48,701 Using sequenced read lengths for plotting.
2026-06-09 16:56:48,704 NanoPlot:  Valid color #4CB391.
2026-06-09 16:56:48,704 NanoPlot:  Valid colormap Greens.
2026-06-09 16:56:48,707 NanoPlot:  Creating length plots for Read length.
2026-06-09 16:56:48,707 NanoPlot: Using 74591 reads with read length N50 of 1580bp and maximum of 4860bp.
2026-06-09 16:56:49,534 Saved ST05013_waterbird_1_raw/WeightedHistogramReadlength  as png (or png for --legacy)
2026-06-09 16:56:50,327 Saved ST05013_waterbird_1_raw/WeightedLogTransformed_HistogramReadlength  as png (or png for --legacy)
2026-06-09 16:56:51,106 Saved ST05013_waterbird_1_raw/Non_weightedHistogramReadlength  as png (or png for --legacy)
2026-06-09 16:56:51,890 Saved ST05013_waterbird_1_raw/Non_weightedLogTransformed_HistogramReadlength  as png (or png for --legacy)
2026-06-09 16:56:53,193 Saved ST05013_waterbird_1_raw/Yield_By_Length  as png (or png for --legacy)
2026-06-09 16:56:53,193 Created length plots
2026-06-09 16:56:53,195 NanoPlot: Creating Read lengths vs Average read quality plots using 74591 reads.
2026-06-09 16:56:54,579 Saved ST05013_waterbird_1_raw/LengthvsQualityScatterPlot_dot  as png (or png for --legacy)
2026-06-09 16:56:56,601 Saved ST05013_waterbird_1_raw/LengthvsQualityScatterPlot_kde  as png (or png for --legacy)
2026-06-09 16:56:56,601 Created LengthvsQual plot
2026-06-09 16:56:56,601 Writing html report.
2026-06-09 16:56:56,613 Finished!
