2026-06-09 17:14:44,979 NanoPlot 1.42.0 started with arguments Namespace(threads=12, verbose=False, store=False, raw=False, huge=False, outdir='ST05034_waterbird_1_filt', no_static=False, prefix='', tsv_stats=True, only_report=False, info_in_report=False, maxlength=None, minlength=None, drop_outliers=False, downsample=None, loglength=False, percentqual=False, alength=False, minqual=None, runtime_until=None, readtype='1D', barcoded=False, no_supplementary=False, color='#4CB391', colormap='Greens', format=['png'], plots=['kde', 'dot'], legacy=None, listcolors=False, listcolormaps=False, no_N50=False, N50=True, title=None, font_scale=1, dpi=100, hide_stats=False, fastq=['ST05034_waterbird_1_filt.fastq.gz'], fasta=None, fastq_rich=None, fastq_minimal=None, summary=None, bam=None, ubam=None, cram=None, pickle=None, feather=None, path='ST05034_waterbird_1_filt/')
2026-06-09 17:14:44,979 Python version is: 3.12.3 | packaged by conda-forge | (main, Apr 15 2024, 18:38:13) [GCC 12.3.0]
2026-06-09 17:14:44,991 Nanoget: Starting to collect statistics from plain fastq file.
2026-06-09 17:14:44,992 Nanoget: Decompressing gzipped fastq ST05034_waterbird_1_filt.fastq.gz
2026-06-09 17:14:54,729 Reduced DataFrame memory usage from 1.3128700256347656Mb to 1.3128700256347656Mb
2026-06-09 17:14:54,746 Nanoget: Gathered all metrics of 86032 reads
2026-06-09 17:14:54,784 Calculated statistics
2026-06-09 17:14:54,785 Using sequenced read lengths for plotting.
2026-06-09 17:14:54,788 NanoPlot:  Valid color #4CB391.
2026-06-09 17:14:54,788 NanoPlot:  Valid colormap Greens.
2026-06-09 17:14:54,792 NanoPlot:  Creating length plots for Read length.
2026-06-09 17:14:54,792 NanoPlot: Using 86032 reads with read length N50 of 1584bp and maximum of 1800bp.
2026-06-09 17:14:55,593 Saved ST05034_waterbird_1_filt/WeightedHistogramReadlength  as png (or png for --legacy)
2026-06-09 17:14:56,375 Saved ST05034_waterbird_1_filt/WeightedLogTransformed_HistogramReadlength  as png (or png for --legacy)
2026-06-09 17:14:57,162 Saved ST05034_waterbird_1_filt/Non_weightedHistogramReadlength  as png (or png for --legacy)
2026-06-09 17:14:57,937 Saved ST05034_waterbird_1_filt/Non_weightedLogTransformed_HistogramReadlength  as png (or png for --legacy)
2026-06-09 17:14:59,230 Saved ST05034_waterbird_1_filt/Yield_By_Length  as png (or png for --legacy)
2026-06-09 17:14:59,230 Created length plots
2026-06-09 17:14:59,234 NanoPlot: Creating Read lengths vs Average read quality plots using 86032 reads.
2026-06-09 17:15:00,654 Saved ST05034_waterbird_1_filt/LengthvsQualityScatterPlot_dot  as png (or png for --legacy)
2026-06-09 17:15:02,681 Saved ST05034_waterbird_1_filt/LengthvsQualityScatterPlot_kde  as png (or png for --legacy)
2026-06-09 17:15:02,681 Created LengthvsQual plot
2026-06-09 17:15:02,681 Writing html report.
2026-06-09 17:15:02,688 Finished!
