2026-06-09 17:40:03,934 NanoPlot 1.42.0 started with arguments Namespace(threads=12, verbose=False, store=False, raw=False, huge=False, outdir='SX03216_waterbird_2_raw', no_static=False, prefix='', tsv_stats=True, only_report=False, info_in_report=False, maxlength=None, minlength=None, drop_outliers=False, downsample=None, loglength=False, percentqual=False, alength=False, minqual=None, runtime_until=None, readtype='1D', barcoded=False, no_supplementary=False, color='#4CB391', colormap='Greens', format=['png'], plots=['kde', 'dot'], legacy=None, listcolors=False, listcolormaps=False, no_N50=False, N50=True, title=None, font_scale=1, dpi=100, hide_stats=False, fastq=['SX03216_waterbird_2.fastq.gz'], fasta=None, fastq_rich=None, fastq_minimal=None, summary=None, bam=None, ubam=None, cram=None, pickle=None, feather=None, path='SX03216_waterbird_2_raw/')
2026-06-09 17:40:03,934 Python version is: 3.12.3 | packaged by conda-forge | (main, Apr 15 2024, 18:38:13) [GCC 12.3.0]
2026-06-09 17:40:03,947 Nanoget: Starting to collect statistics from plain fastq file.
2026-06-09 17:40:03,948 Nanoget: Decompressing gzipped fastq SX03216_waterbird_2.fastq.gz
2026-06-09 17:40:05,383 Reduced DataFrame memory usage from 0.18733596801757812Mb to 0.18733596801757812Mb
2026-06-09 17:40:05,393 Nanoget: Gathered all metrics of 12269 reads
2026-06-09 17:40:05,415 Calculated statistics
2026-06-09 17:40:05,416 Using sequenced read lengths for plotting.
2026-06-09 17:40:05,417 NanoPlot:  Valid color #4CB391.
2026-06-09 17:40:05,417 NanoPlot:  Valid colormap Greens.
2026-06-09 17:40:05,419 NanoPlot:  Creating length plots for Read length.
2026-06-09 17:40:05,419 NanoPlot: Using 12269 reads with read length N50 of 1578bp and maximum of 3317bp.
2026-06-09 17:40:06,231 Saved SX03216_waterbird_2_raw/WeightedHistogramReadlength  as png (or png for --legacy)
2026-06-09 17:40:07,020 Saved SX03216_waterbird_2_raw/WeightedLogTransformed_HistogramReadlength  as png (or png for --legacy)
2026-06-09 17:40:07,790 Saved SX03216_waterbird_2_raw/Non_weightedHistogramReadlength  as png (or png for --legacy)
2026-06-09 17:40:08,571 Saved SX03216_waterbird_2_raw/Non_weightedLogTransformed_HistogramReadlength  as png (or png for --legacy)
2026-06-09 17:40:09,853 Saved SX03216_waterbird_2_raw/Yield_By_Length  as png (or png for --legacy)
2026-06-09 17:40:09,854 Created length plots
2026-06-09 17:40:09,856 NanoPlot: Creating Read lengths vs Average read quality plots using 12269 reads.
2026-06-09 17:40:11,295 Saved SX03216_waterbird_2_raw/LengthvsQualityScatterPlot_dot  as png (or png for --legacy)
2026-06-09 17:40:13,282 Saved SX03216_waterbird_2_raw/LengthvsQualityScatterPlot_kde  as png (or png for --legacy)
2026-06-09 17:40:13,282 Created LengthvsQual plot
2026-06-09 17:40:13,282 Writing html report.
2026-06-09 17:40:13,295 Finished!
