2026-06-09 17:38:41,422 NanoPlot 1.42.0 started with arguments Namespace(threads=12, verbose=False, store=False, raw=False, huge=False, outdir='SX03214_waterbird_2_raw', no_static=False, prefix='', tsv_stats=True, only_report=False, info_in_report=False, maxlength=None, minlength=None, drop_outliers=False, downsample=None, loglength=False, percentqual=False, alength=False, minqual=None, runtime_until=None, readtype='1D', barcoded=False, no_supplementary=False, color='#4CB391', colormap='Greens', format=['png'], plots=['kde', 'dot'], legacy=None, listcolors=False, listcolormaps=False, no_N50=False, N50=True, title=None, font_scale=1, dpi=100, hide_stats=False, fastq=['SX03214_waterbird_2.fastq.gz'], fasta=None, fastq_rich=None, fastq_minimal=None, summary=None, bam=None, ubam=None, cram=None, pickle=None, feather=None, path='SX03214_waterbird_2_raw/')
2026-06-09 17:38:41,422 Python version is: 3.12.3 | packaged by conda-forge | (main, Apr 15 2024, 18:38:13) [GCC 12.3.0]
2026-06-09 17:38:41,435 Nanoget: Starting to collect statistics from plain fastq file.
2026-06-09 17:38:41,436 Nanoget: Decompressing gzipped fastq SX03214_waterbird_2.fastq.gz
2026-06-09 17:38:42,355 Reduced DataFrame memory usage from 0.11751174926757812Mb to 0.11751174926757812Mb
2026-06-09 17:38:42,365 Nanoget: Gathered all metrics of 7693 reads
2026-06-09 17:38:42,387 Calculated statistics
2026-06-09 17:38:42,387 Using sequenced read lengths for plotting.
2026-06-09 17:38:42,388 NanoPlot:  Valid color #4CB391.
2026-06-09 17:38:42,389 NanoPlot:  Valid colormap Greens.
2026-06-09 17:38:42,389 NanoPlot:  Creating length plots for Read length.
2026-06-09 17:38:42,389 NanoPlot: Using 7693 reads with read length N50 of 1594bp and maximum of 3283bp.
2026-06-09 17:38:43,204 Saved SX03214_waterbird_2_raw/WeightedHistogramReadlength  as png (or png for --legacy)
2026-06-09 17:38:43,968 Saved SX03214_waterbird_2_raw/WeightedLogTransformed_HistogramReadlength  as png (or png for --legacy)
2026-06-09 17:38:44,747 Saved SX03214_waterbird_2_raw/Non_weightedHistogramReadlength  as png (or png for --legacy)
2026-06-09 17:38:45,528 Saved SX03214_waterbird_2_raw/Non_weightedLogTransformed_HistogramReadlength  as png (or png for --legacy)
2026-06-09 17:38:46,798 Saved SX03214_waterbird_2_raw/Yield_By_Length  as png (or png for --legacy)
2026-06-09 17:38:46,798 Created length plots
2026-06-09 17:38:46,800 NanoPlot: Creating Read lengths vs Average read quality plots using 7693 reads.
2026-06-09 17:38:48,212 Saved SX03214_waterbird_2_raw/LengthvsQualityScatterPlot_dot  as png (or png for --legacy)
2026-06-09 17:38:50,000 Saved SX03214_waterbird_2_raw/LengthvsQualityScatterPlot_kde  as png (or png for --legacy)
2026-06-09 17:38:50,000 Created LengthvsQual plot
2026-06-09 17:38:50,000 Writing html report.
2026-06-09 17:38:50,008 Finished!
