2026-06-09 17:43:32,347 NanoPlot 1.42.0 started with arguments Namespace(threads=12, verbose=False, store=False, raw=False, huge=False, outdir='SX03219_waterbird_3_raw', no_static=False, prefix='', tsv_stats=True, only_report=False, info_in_report=False, maxlength=None, minlength=None, drop_outliers=False, downsample=None, loglength=False, percentqual=False, alength=False, minqual=None, runtime_until=None, readtype='1D', barcoded=False, no_supplementary=False, color='#4CB391', colormap='Greens', format=['png'], plots=['kde', 'dot'], legacy=None, listcolors=False, listcolormaps=False, no_N50=False, N50=True, title=None, font_scale=1, dpi=100, hide_stats=False, fastq=['SX03219_waterbird_3.fastq.gz'], fasta=None, fastq_rich=None, fastq_minimal=None, summary=None, bam=None, ubam=None, cram=None, pickle=None, feather=None, path='SX03219_waterbird_3_raw/')
2026-06-09 17:43:32,347 Python version is: 3.12.3 | packaged by conda-forge | (main, Apr 15 2024, 18:38:13) [GCC 12.3.0]
2026-06-09 17:43:32,364 Nanoget: Starting to collect statistics from plain fastq file.
2026-06-09 17:43:32,365 Nanoget: Decompressing gzipped fastq SX03219_waterbird_3.fastq.gz
2026-06-09 17:43:41,006 Reduced DataFrame memory usage from 1.1767921447753906Mb to 1.1767921447753906Mb
2026-06-09 17:43:41,023 Nanoget: Gathered all metrics of 77114 reads
2026-06-09 17:43:41,059 Calculated statistics
2026-06-09 17:43:41,060 Using sequenced read lengths for plotting.
2026-06-09 17:43:41,063 NanoPlot:  Valid color #4CB391.
2026-06-09 17:43:41,063 NanoPlot:  Valid colormap Greens.
2026-06-09 17:43:41,066 NanoPlot:  Creating length plots for Read length.
2026-06-09 17:43:41,066 NanoPlot: Using 77114 reads with read length N50 of 1613bp and maximum of 4954bp.
2026-06-09 17:43:41,881 Saved SX03219_waterbird_3_raw/WeightedHistogramReadlength  as png (or png for --legacy)
2026-06-09 17:43:42,665 Saved SX03219_waterbird_3_raw/WeightedLogTransformed_HistogramReadlength  as png (or png for --legacy)
2026-06-09 17:43:43,446 Saved SX03219_waterbird_3_raw/Non_weightedHistogramReadlength  as png (or png for --legacy)
2026-06-09 17:43:44,227 Saved SX03219_waterbird_3_raw/Non_weightedLogTransformed_HistogramReadlength  as png (or png for --legacy)
2026-06-09 17:43:45,497 Saved SX03219_waterbird_3_raw/Yield_By_Length  as png (or png for --legacy)
2026-06-09 17:43:45,497 Created length plots
2026-06-09 17:43:45,501 NanoPlot: Creating Read lengths vs Average read quality plots using 77114 reads.
2026-06-09 17:43:46,939 Saved SX03219_waterbird_3_raw/LengthvsQualityScatterPlot_dot  as png (or png for --legacy)
2026-06-09 17:43:48,962 Saved SX03219_waterbird_3_raw/LengthvsQualityScatterPlot_kde  as png (or png for --legacy)
2026-06-09 17:43:48,962 Created LengthvsQual plot
2026-06-09 17:43:48,962 Writing html report.
2026-06-09 17:43:48,975 Finished!
