2026-06-09 17:16:26,711 NanoPlot 1.42.0 started with arguments Namespace(threads=12, verbose=False, store=False, raw=False, huge=False, outdir='ST05037_waterbird_1_raw', no_static=False, prefix='', tsv_stats=True, only_report=False, info_in_report=False, maxlength=None, minlength=None, drop_outliers=False, downsample=None, loglength=False, percentqual=False, alength=False, minqual=None, runtime_until=None, readtype='1D', barcoded=False, no_supplementary=False, color='#4CB391', colormap='Greens', format=['png'], plots=['kde', 'dot'], legacy=None, listcolors=False, listcolormaps=False, no_N50=False, N50=True, title=None, font_scale=1, dpi=100, hide_stats=False, fastq=['ST05037_waterbird_1.fastq.gz'], fasta=None, fastq_rich=None, fastq_minimal=None, summary=None, bam=None, ubam=None, cram=None, pickle=None, feather=None, path='ST05037_waterbird_1_raw/')
2026-06-09 17:16:26,711 Python version is: 3.12.3 | packaged by conda-forge | (main, Apr 15 2024, 18:38:13) [GCC 12.3.0]
2026-06-09 17:16:26,723 Nanoget: Starting to collect statistics from plain fastq file.
2026-06-09 17:16:26,724 Nanoget: Decompressing gzipped fastq ST05037_waterbird_1.fastq.gz
2026-06-09 17:16:37,154 Reduced DataFrame memory usage from 1.4236640930175781Mb to 1.4236640930175781Mb
2026-06-09 17:16:37,170 Nanoget: Gathered all metrics of 93293 reads
2026-06-09 17:16:37,212 Calculated statistics
2026-06-09 17:16:37,212 Using sequenced read lengths for plotting.
2026-06-09 17:16:37,216 NanoPlot:  Valid color #4CB391.
2026-06-09 17:16:37,216 NanoPlot:  Valid colormap Greens.
2026-06-09 17:16:37,219 NanoPlot:  Creating length plots for Read length.
2026-06-09 17:16:37,220 NanoPlot: Using 93293 reads with read length N50 of 1582bp and maximum of 4864bp.
2026-06-09 17:16:38,011 Saved ST05037_waterbird_1_raw/WeightedHistogramReadlength  as png (or png for --legacy)
2026-06-09 17:16:38,798 Saved ST05037_waterbird_1_raw/WeightedLogTransformed_HistogramReadlength  as png (or png for --legacy)
2026-06-09 17:16:39,578 Saved ST05037_waterbird_1_raw/Non_weightedHistogramReadlength  as png (or png for --legacy)
2026-06-09 17:16:40,357 Saved ST05037_waterbird_1_raw/Non_weightedLogTransformed_HistogramReadlength  as png (or png for --legacy)
2026-06-09 17:16:41,630 Saved ST05037_waterbird_1_raw/Yield_By_Length  as png (or png for --legacy)
2026-06-09 17:16:41,631 Created length plots
2026-06-09 17:16:41,635 NanoPlot: Creating Read lengths vs Average read quality plots using 93293 reads.
2026-06-09 17:16:43,046 Saved ST05037_waterbird_1_raw/LengthvsQualityScatterPlot_dot  as png (or png for --legacy)
2026-06-09 17:16:45,387 Saved ST05037_waterbird_1_raw/LengthvsQualityScatterPlot_kde  as png (or png for --legacy)
2026-06-09 17:16:45,388 Created LengthvsQual plot
2026-06-09 17:16:45,388 Writing html report.
2026-06-09 17:16:45,400 Finished!
