2026-06-09 16:58:29,451 NanoPlot 1.42.0 started with arguments Namespace(threads=12, verbose=False, store=False, raw=False, huge=False, outdir='ST05017_waterbird_1_raw', no_static=False, prefix='', tsv_stats=True, only_report=False, info_in_report=False, maxlength=None, minlength=None, drop_outliers=False, downsample=None, loglength=False, percentqual=False, alength=False, minqual=None, runtime_until=None, readtype='1D', barcoded=False, no_supplementary=False, color='#4CB391', colormap='Greens', format=['png'], plots=['kde', 'dot'], legacy=None, listcolors=False, listcolormaps=False, no_N50=False, N50=True, title=None, font_scale=1, dpi=100, hide_stats=False, fastq=['ST05017_waterbird_1.fastq.gz'], fasta=None, fastq_rich=None, fastq_minimal=None, summary=None, bam=None, ubam=None, cram=None, pickle=None, feather=None, path='ST05017_waterbird_1_raw/')
2026-06-09 16:58:29,451 Python version is: 3.12.3 | packaged by conda-forge | (main, Apr 15 2024, 18:38:13) [GCC 12.3.0]
2026-06-09 16:58:29,463 Nanoget: Starting to collect statistics from plain fastq file.
2026-06-09 16:58:29,463 Nanoget: Decompressing gzipped fastq ST05017_waterbird_1.fastq.gz
2026-06-09 16:58:39,549 Reduced DataFrame memory usage from 1.3643074035644531Mb to 1.3643074035644531Mb
2026-06-09 16:58:39,566 Nanoget: Gathered all metrics of 89403 reads
2026-06-09 16:58:39,605 Calculated statistics
2026-06-09 16:58:39,606 Using sequenced read lengths for plotting.
2026-06-09 16:58:39,609 NanoPlot:  Valid color #4CB391.
2026-06-09 16:58:39,610 NanoPlot:  Valid colormap Greens.
2026-06-09 16:58:39,613 NanoPlot:  Creating length plots for Read length.
2026-06-09 16:58:39,613 NanoPlot: Using 89403 reads with read length N50 of 1599bp and maximum of 5548bp.
2026-06-09 16:58:40,405 Saved ST05017_waterbird_1_raw/WeightedHistogramReadlength  as png (or png for --legacy)
2026-06-09 16:58:41,176 Saved ST05017_waterbird_1_raw/WeightedLogTransformed_HistogramReadlength  as png (or png for --legacy)
2026-06-09 16:58:41,984 Saved ST05017_waterbird_1_raw/Non_weightedHistogramReadlength  as png (or png for --legacy)
2026-06-09 16:58:42,765 Saved ST05017_waterbird_1_raw/Non_weightedLogTransformed_HistogramReadlength  as png (or png for --legacy)
2026-06-09 16:58:44,102 Saved ST05017_waterbird_1_raw/Yield_By_Length  as png (or png for --legacy)
2026-06-09 16:58:44,102 Created length plots
2026-06-09 16:58:44,106 NanoPlot: Creating Read lengths vs Average read quality plots using 89403 reads.
2026-06-09 16:58:45,496 Saved ST05017_waterbird_1_raw/LengthvsQualityScatterPlot_dot  as png (or png for --legacy)
2026-06-09 16:58:47,539 Saved ST05017_waterbird_1_raw/LengthvsQualityScatterPlot_kde  as png (or png for --legacy)
2026-06-09 16:58:47,539 Created LengthvsQual plot
2026-06-09 16:58:47,539 Writing html report.
2026-06-09 16:58:47,552 Finished!
