2026-06-09 17:45:12,490 NanoPlot 1.42.0 started with arguments Namespace(threads=12, verbose=False, store=False, raw=False, huge=False, outdir='SX03223_waterbird_3_filt', no_static=False, prefix='', tsv_stats=True, only_report=False, info_in_report=False, maxlength=None, minlength=None, drop_outliers=False, downsample=None, loglength=False, percentqual=False, alength=False, minqual=None, runtime_until=None, readtype='1D', barcoded=False, no_supplementary=False, color='#4CB391', colormap='Greens', format=['png'], plots=['kde', 'dot'], legacy=None, listcolors=False, listcolormaps=False, no_N50=False, N50=True, title=None, font_scale=1, dpi=100, hide_stats=False, fastq=['SX03223_waterbird_3_filt.fastq.gz'], fasta=None, fastq_rich=None, fastq_minimal=None, summary=None, bam=None, ubam=None, cram=None, pickle=None, feather=None, path='SX03223_waterbird_3_filt/')
2026-06-09 17:45:12,490 Python version is: 3.12.3 | packaged by conda-forge | (main, Apr 15 2024, 18:38:13) [GCC 12.3.0]
2026-06-09 17:45:12,503 Nanoget: Starting to collect statistics from plain fastq file.
2026-06-09 17:45:12,504 Nanoget: Decompressing gzipped fastq SX03223_waterbird_3_filt.fastq.gz
2026-06-09 17:45:13,149 Reduced DataFrame memory usage from 0.08057022094726562Mb to 0.08057022094726562Mb
2026-06-09 17:45:13,159 Nanoget: Gathered all metrics of 5272 reads
2026-06-09 17:45:13,179 Calculated statistics
2026-06-09 17:45:13,180 Using sequenced read lengths for plotting.
2026-06-09 17:45:13,181 NanoPlot:  Valid color #4CB391.
2026-06-09 17:45:13,181 NanoPlot:  Valid colormap Greens.
2026-06-09 17:45:13,181 NanoPlot:  Creating length plots for Read length.
2026-06-09 17:45:13,182 NanoPlot: Using 5272 reads with read length N50 of 1578bp and maximum of 1795bp.
2026-06-09 17:45:13,964 Saved SX03223_waterbird_3_filt/WeightedHistogramReadlength  as png (or png for --legacy)
2026-06-09 17:45:14,745 Saved SX03223_waterbird_3_filt/WeightedLogTransformed_HistogramReadlength  as png (or png for --legacy)
2026-06-09 17:45:15,518 Saved SX03223_waterbird_3_filt/Non_weightedHistogramReadlength  as png (or png for --legacy)
2026-06-09 17:45:16,281 Saved SX03223_waterbird_3_filt/Non_weightedLogTransformed_HistogramReadlength  as png (or png for --legacy)
2026-06-09 17:45:17,534 Saved SX03223_waterbird_3_filt/Yield_By_Length  as png (or png for --legacy)
2026-06-09 17:45:17,534 Created length plots
2026-06-09 17:45:17,536 NanoPlot: Creating Read lengths vs Average read quality plots using 5272 reads.
2026-06-09 17:45:18,810 Saved SX03223_waterbird_3_filt/LengthvsQualityScatterPlot_dot  as png (or png for --legacy)
2026-06-09 17:45:20,350 Saved SX03223_waterbird_3_filt/LengthvsQualityScatterPlot_kde  as png (or png for --legacy)
2026-06-09 17:45:20,350 Created LengthvsQual plot
2026-06-09 17:45:20,351 Writing html report.
2026-06-09 17:45:20,359 Finished!
