2026-06-09 17:19:36,447 NanoPlot 1.42.0 started with arguments Namespace(threads=12, verbose=False, store=False, raw=False, huge=False, outdir='ST05072_waterbird_3_filt', no_static=False, prefix='', tsv_stats=True, only_report=False, info_in_report=False, maxlength=None, minlength=None, drop_outliers=False, downsample=None, loglength=False, percentqual=False, alength=False, minqual=None, runtime_until=None, readtype='1D', barcoded=False, no_supplementary=False, color='#4CB391', colormap='Greens', format=['png'], plots=['kde', 'dot'], legacy=None, listcolors=False, listcolormaps=False, no_N50=False, N50=True, title=None, font_scale=1, dpi=100, hide_stats=False, fastq=['ST05072_waterbird_3_filt.fastq.gz'], fasta=None, fastq_rich=None, fastq_minimal=None, summary=None, bam=None, ubam=None, cram=None, pickle=None, feather=None, path='ST05072_waterbird_3_filt/')
2026-06-09 17:19:36,447 Python version is: 3.12.3 | packaged by conda-forge | (main, Apr 15 2024, 18:38:13) [GCC 12.3.0]
2026-06-09 17:19:36,459 Nanoget: Starting to collect statistics from plain fastq file.
2026-06-09 17:19:36,460 Nanoget: Decompressing gzipped fastq ST05072_waterbird_3_filt.fastq.gz
2026-06-09 17:19:48,641 Reduced DataFrame memory usage from 1.6239051818847656Mb to 1.6239051818847656Mb
2026-06-09 17:19:48,659 Nanoget: Gathered all metrics of 106416 reads
2026-06-09 17:19:48,704 Calculated statistics
2026-06-09 17:19:48,704 Using sequenced read lengths for plotting.
2026-06-09 17:19:48,708 NanoPlot:  Valid color #4CB391.
2026-06-09 17:19:48,708 NanoPlot:  Valid colormap Greens.
2026-06-09 17:19:48,712 NanoPlot:  Creating length plots for Read length.
2026-06-09 17:19:48,712 NanoPlot: Using 106416 reads with read length N50 of 1578bp and maximum of 1800bp.
2026-06-09 17:19:49,513 Saved ST05072_waterbird_3_filt/WeightedHistogramReadlength  as png (or png for --legacy)
2026-06-09 17:19:50,316 Saved ST05072_waterbird_3_filt/WeightedLogTransformed_HistogramReadlength  as png (or png for --legacy)
2026-06-09 17:19:51,122 Saved ST05072_waterbird_3_filt/Non_weightedHistogramReadlength  as png (or png for --legacy)
2026-06-09 17:19:51,927 Saved ST05072_waterbird_3_filt/Non_weightedLogTransformed_HistogramReadlength  as png (or png for --legacy)
2026-06-09 17:19:53,212 Saved ST05072_waterbird_3_filt/Yield_By_Length  as png (or png for --legacy)
2026-06-09 17:19:53,212 Created length plots
2026-06-09 17:19:53,216 NanoPlot: Creating Read lengths vs Average read quality plots using 106416 reads.
2026-06-09 17:19:54,597 Saved ST05072_waterbird_3_filt/LengthvsQualityScatterPlot_dot  as png (or png for --legacy)
2026-06-09 17:19:56,634 Saved ST05072_waterbird_3_filt/LengthvsQualityScatterPlot_kde  as png (or png for --legacy)
2026-06-09 17:19:56,634 Created LengthvsQual plot
2026-06-09 17:19:56,634 Writing html report.
2026-06-09 17:19:56,646 Finished!
