2026-06-09 17:22:40,120 NanoPlot 1.42.0 started with arguments Namespace(threads=12, verbose=False, store=False, raw=False, huge=False, outdir='ST05316_waterbird_2_raw', no_static=False, prefix='', tsv_stats=True, only_report=False, info_in_report=False, maxlength=None, minlength=None, drop_outliers=False, downsample=None, loglength=False, percentqual=False, alength=False, minqual=None, runtime_until=None, readtype='1D', barcoded=False, no_supplementary=False, color='#4CB391', colormap='Greens', format=['png'], plots=['kde', 'dot'], legacy=None, listcolors=False, listcolormaps=False, no_N50=False, N50=True, title=None, font_scale=1, dpi=100, hide_stats=False, fastq=['ST05316_waterbird_2.fastq.gz'], fasta=None, fastq_rich=None, fastq_minimal=None, summary=None, bam=None, ubam=None, cram=None, pickle=None, feather=None, path='ST05316_waterbird_2_raw/')
2026-06-09 17:22:40,120 Python version is: 3.12.3 | packaged by conda-forge | (main, Apr 15 2024, 18:38:13) [GCC 12.3.0]
2026-06-09 17:22:40,132 Nanoget: Starting to collect statistics from plain fastq file.
2026-06-09 17:22:40,132 Nanoget: Decompressing gzipped fastq ST05316_waterbird_2.fastq.gz
2026-06-09 17:22:52,890 Reduced DataFrame memory usage from 1.8620338439941406Mb to 1.8620338439941406Mb
2026-06-09 17:22:52,913 Nanoget: Gathered all metrics of 122022 reads
2026-06-09 17:22:52,963 Calculated statistics
2026-06-09 17:22:52,963 Using sequenced read lengths for plotting.
2026-06-09 17:22:52,968 NanoPlot:  Valid color #4CB391.
2026-06-09 17:22:52,968 NanoPlot:  Valid colormap Greens.
2026-06-09 17:22:52,973 NanoPlot:  Creating length plots for Read length.
2026-06-09 17:22:52,973 NanoPlot: Using 122022 reads with read length N50 of 1569bp and maximum of 6371bp.
2026-06-09 17:22:53,762 Saved ST05316_waterbird_2_raw/WeightedHistogramReadlength  as png (or png for --legacy)
2026-06-09 17:22:54,555 Saved ST05316_waterbird_2_raw/WeightedLogTransformed_HistogramReadlength  as png (or png for --legacy)
2026-06-09 17:22:55,355 Saved ST05316_waterbird_2_raw/Non_weightedHistogramReadlength  as png (or png for --legacy)
2026-06-09 17:22:56,133 Saved ST05316_waterbird_2_raw/Non_weightedLogTransformed_HistogramReadlength  as png (or png for --legacy)
2026-06-09 17:22:57,429 Saved ST05316_waterbird_2_raw/Yield_By_Length  as png (or png for --legacy)
2026-06-09 17:22:57,430 Created length plots
2026-06-09 17:22:57,435 NanoPlot: Creating Read lengths vs Average read quality plots using 122022 reads.
2026-06-09 17:22:58,808 Saved ST05316_waterbird_2_raw/LengthvsQualityScatterPlot_dot  as png (or png for --legacy)
2026-06-09 17:23:01,112 Saved ST05316_waterbird_2_raw/LengthvsQualityScatterPlot_kde  as png (or png for --legacy)
2026-06-09 17:23:01,112 Created LengthvsQual plot
2026-06-09 17:23:01,113 Writing html report.
2026-06-09 17:23:01,124 Finished!
