2026-06-09 17:14:05,279 NanoPlot 1.42.0 started with arguments Namespace(threads=12, verbose=False, store=False, raw=False, huge=False, outdir='ST05034_waterbird_1_raw', no_static=False, prefix='', tsv_stats=True, only_report=False, info_in_report=False, maxlength=None, minlength=None, drop_outliers=False, downsample=None, loglength=False, percentqual=False, alength=False, minqual=None, runtime_until=None, readtype='1D', barcoded=False, no_supplementary=False, color='#4CB391', colormap='Greens', format=['png'], plots=['kde', 'dot'], legacy=None, listcolors=False, listcolormaps=False, no_N50=False, N50=True, title=None, font_scale=1, dpi=100, hide_stats=False, fastq=['ST05034_waterbird_1.fastq.gz'], fasta=None, fastq_rich=None, fastq_minimal=None, summary=None, bam=None, ubam=None, cram=None, pickle=None, feather=None, path='ST05034_waterbird_1_raw/')
2026-06-09 17:14:05,279 Python version is: 3.12.3 | packaged by conda-forge | (main, Apr 15 2024, 18:38:13) [GCC 12.3.0]
2026-06-09 17:14:05,295 Nanoget: Starting to collect statistics from plain fastq file.
2026-06-09 17:14:05,295 Nanoget: Decompressing gzipped fastq ST05034_waterbird_1.fastq.gz
2026-06-09 17:14:16,012 Reduced DataFrame memory usage from 1.4693489074707031Mb to 1.4693489074707031Mb
2026-06-09 17:14:16,030 Nanoget: Gathered all metrics of 96287 reads
2026-06-09 17:14:16,072 Calculated statistics
2026-06-09 17:14:16,073 Using sequenced read lengths for plotting.
2026-06-09 17:14:16,077 NanoPlot:  Valid color #4CB391.
2026-06-09 17:14:16,077 NanoPlot:  Valid colormap Greens.
2026-06-09 17:14:16,080 NanoPlot:  Creating length plots for Read length.
2026-06-09 17:14:16,081 NanoPlot: Using 96287 reads with read length N50 of 1583bp and maximum of 5065bp.
2026-06-09 17:14:16,868 Saved ST05034_waterbird_1_raw/WeightedHistogramReadlength  as png (or png for --legacy)
2026-06-09 17:14:17,675 Saved ST05034_waterbird_1_raw/WeightedLogTransformed_HistogramReadlength  as png (or png for --legacy)
2026-06-09 17:14:18,465 Saved ST05034_waterbird_1_raw/Non_weightedHistogramReadlength  as png (or png for --legacy)
2026-06-09 17:14:19,257 Saved ST05034_waterbird_1_raw/Non_weightedLogTransformed_HistogramReadlength  as png (or png for --legacy)
2026-06-09 17:14:20,550 Saved ST05034_waterbird_1_raw/Yield_By_Length  as png (or png for --legacy)
2026-06-09 17:14:20,550 Created length plots
2026-06-09 17:14:20,553 NanoPlot: Creating Read lengths vs Average read quality plots using 96287 reads.
2026-06-09 17:14:21,985 Saved ST05034_waterbird_1_raw/LengthvsQualityScatterPlot_dot  as png (or png for --legacy)
2026-06-09 17:14:24,048 Saved ST05034_waterbird_1_raw/LengthvsQualityScatterPlot_kde  as png (or png for --legacy)
2026-06-09 17:14:24,048 Created LengthvsQual plot
2026-06-09 17:14:24,049 Writing html report.
2026-06-09 17:14:24,060 Finished!
