2026-06-09 17:38:23,331 NanoPlot 1.42.0 started with arguments Namespace(threads=12, verbose=False, store=False, raw=False, huge=False, outdir='SX03213_waterbird_2_raw', no_static=False, prefix='', tsv_stats=True, only_report=False, info_in_report=False, maxlength=None, minlength=None, drop_outliers=False, downsample=None, loglength=False, percentqual=False, alength=False, minqual=None, runtime_until=None, readtype='1D', barcoded=False, no_supplementary=False, color='#4CB391', colormap='Greens', format=['png'], plots=['kde', 'dot'], legacy=None, listcolors=False, listcolormaps=False, no_N50=False, N50=True, title=None, font_scale=1, dpi=100, hide_stats=False, fastq=['SX03213_waterbird_2.fastq.gz'], fasta=None, fastq_rich=None, fastq_minimal=None, summary=None, bam=None, ubam=None, cram=None, pickle=None, feather=None, path='SX03213_waterbird_2_raw/')
2026-06-09 17:38:23,331 Python version is: 3.12.3 | packaged by conda-forge | (main, Apr 15 2024, 18:38:13) [GCC 12.3.0]
2026-06-09 17:38:23,349 Nanoget: Starting to collect statistics from plain fastq file.
2026-06-09 17:38:23,349 Nanoget: Decompressing gzipped fastq SX03213_waterbird_2.fastq.gz
2026-06-09 17:38:23,690 Reduced DataFrame memory usage from 0.042423248291015625Mb to 0.042423248291015625Mb
2026-06-09 17:38:23,700 Nanoget: Gathered all metrics of 2772 reads
2026-06-09 17:38:23,720 Calculated statistics
2026-06-09 17:38:23,720 Using sequenced read lengths for plotting.
2026-06-09 17:38:23,721 NanoPlot:  Valid color #4CB391.
2026-06-09 17:38:23,721 NanoPlot:  Valid colormap Greens.
2026-06-09 17:38:23,722 NanoPlot:  Creating length plots for Read length.
2026-06-09 17:38:23,722 NanoPlot: Using 2772 reads with read length N50 of 1585bp and maximum of 3198bp.
2026-06-09 17:38:24,508 Saved SX03213_waterbird_2_raw/WeightedHistogramReadlength  as png (or png for --legacy)
2026-06-09 17:38:25,297 Saved SX03213_waterbird_2_raw/WeightedLogTransformed_HistogramReadlength  as png (or png for --legacy)
2026-06-09 17:38:26,075 Saved SX03213_waterbird_2_raw/Non_weightedHistogramReadlength  as png (or png for --legacy)
2026-06-09 17:38:26,842 Saved SX03213_waterbird_2_raw/Non_weightedLogTransformed_HistogramReadlength  as png (or png for --legacy)
2026-06-09 17:38:28,107 Saved SX03213_waterbird_2_raw/Yield_By_Length  as png (or png for --legacy)
2026-06-09 17:38:28,108 Created length plots
2026-06-09 17:38:28,109 NanoPlot: Creating Read lengths vs Average read quality plots using 2772 reads.
2026-06-09 17:38:29,346 Saved SX03213_waterbird_2_raw/LengthvsQualityScatterPlot_dot  as png (or png for --legacy)
2026-06-09 17:38:30,543 Saved SX03213_waterbird_2_raw/LengthvsQualityScatterPlot_kde  as png (or png for --legacy)
2026-06-09 17:38:30,543 Created LengthvsQual plot
2026-06-09 17:38:30,544 Writing html report.
2026-06-09 17:38:30,554 Finished!
