2026-06-09 17:13:03,064 NanoPlot 1.42.0 started with arguments Namespace(threads=12, verbose=False, store=False, raw=False, huge=False, outdir='ST05033_waterbird_1_raw', no_static=False, prefix='', tsv_stats=True, only_report=False, info_in_report=False, maxlength=None, minlength=None, drop_outliers=False, downsample=None, loglength=False, percentqual=False, alength=False, minqual=None, runtime_until=None, readtype='1D', barcoded=False, no_supplementary=False, color='#4CB391', colormap='Greens', format=['png'], plots=['kde', 'dot'], legacy=None, listcolors=False, listcolormaps=False, no_N50=False, N50=True, title=None, font_scale=1, dpi=100, hide_stats=False, fastq=['ST05033_waterbird_1.fastq.gz'], fasta=None, fastq_rich=None, fastq_minimal=None, summary=None, bam=None, ubam=None, cram=None, pickle=None, feather=None, path='ST05033_waterbird_1_raw/')
2026-06-09 17:13:03,065 Python version is: 3.12.3 | packaged by conda-forge | (main, Apr 15 2024, 18:38:13) [GCC 12.3.0]
2026-06-09 17:13:03,076 Nanoget: Starting to collect statistics from plain fastq file.
2026-06-09 17:13:03,077 Nanoget: Decompressing gzipped fastq ST05033_waterbird_1.fastq.gz
2026-06-09 17:13:14,339 Reduced DataFrame memory usage from 1.5601234436035156Mb to 1.5601234436035156Mb
2026-06-09 17:13:14,358 Nanoget: Gathered all metrics of 102236 reads
2026-06-09 17:13:14,400 Calculated statistics
2026-06-09 17:13:14,401 Using sequenced read lengths for plotting.
2026-06-09 17:13:14,404 NanoPlot:  Valid color #4CB391.
2026-06-09 17:13:14,405 NanoPlot:  Valid colormap Greens.
2026-06-09 17:13:14,408 NanoPlot:  Creating length plots for Read length.
2026-06-09 17:13:14,408 NanoPlot: Using 102236 reads with read length N50 of 1612bp and maximum of 4898bp.
2026-06-09 17:13:15,196 Saved ST05033_waterbird_1_raw/WeightedHistogramReadlength  as png (or png for --legacy)
2026-06-09 17:13:16,036 Saved ST05033_waterbird_1_raw/WeightedLogTransformed_HistogramReadlength  as png (or png for --legacy)
2026-06-09 17:13:16,806 Saved ST05033_waterbird_1_raw/Non_weightedHistogramReadlength  as png (or png for --legacy)
2026-06-09 17:13:17,606 Saved ST05033_waterbird_1_raw/Non_weightedLogTransformed_HistogramReadlength  as png (or png for --legacy)
2026-06-09 17:13:18,904 Saved ST05033_waterbird_1_raw/Yield_By_Length  as png (or png for --legacy)
2026-06-09 17:13:18,904 Created length plots
2026-06-09 17:13:18,908 NanoPlot: Creating Read lengths vs Average read quality plots using 102236 reads.
2026-06-09 17:13:20,320 Saved ST05033_waterbird_1_raw/LengthvsQualityScatterPlot_dot  as png (or png for --legacy)
2026-06-09 17:13:22,342 Saved ST05033_waterbird_1_raw/LengthvsQualityScatterPlot_kde  as png (or png for --legacy)
2026-06-09 17:13:22,342 Created LengthvsQual plot
2026-06-09 17:13:22,342 Writing html report.
2026-06-09 17:13:22,348 Finished!
