2026-06-09 17:01:04,681 NanoPlot 1.42.0 started with arguments Namespace(threads=12, verbose=False, store=False, raw=False, huge=False, outdir='ST05019_waterbird_1_filt', no_static=False, prefix='', tsv_stats=True, only_report=False, info_in_report=False, maxlength=None, minlength=None, drop_outliers=False, downsample=None, loglength=False, percentqual=False, alength=False, minqual=None, runtime_until=None, readtype='1D', barcoded=False, no_supplementary=False, color='#4CB391', colormap='Greens', format=['png'], plots=['kde', 'dot'], legacy=None, listcolors=False, listcolormaps=False, no_N50=False, N50=True, title=None, font_scale=1, dpi=100, hide_stats=False, fastq=['ST05019_waterbird_1_filt.fastq.gz'], fasta=None, fastq_rich=None, fastq_minimal=None, summary=None, bam=None, ubam=None, cram=None, pickle=None, feather=None, path='ST05019_waterbird_1_filt/')
2026-06-09 17:01:04,681 Python version is: 3.12.3 | packaged by conda-forge | (main, Apr 15 2024, 18:38:13) [GCC 12.3.0]
2026-06-09 17:01:04,697 Nanoget: Starting to collect statistics from plain fastq file.
2026-06-09 17:01:04,698 Nanoget: Decompressing gzipped fastq ST05019_waterbird_1_filt.fastq.gz
2026-06-09 17:01:14,726 Reduced DataFrame memory usage from 1.3350105285644531Mb to 1.3350105285644531Mb
2026-06-09 17:01:14,744 Nanoget: Gathered all metrics of 87483 reads
2026-06-09 17:01:14,783 Calculated statistics
2026-06-09 17:01:14,784 Using sequenced read lengths for plotting.
2026-06-09 17:01:14,787 NanoPlot:  Valid color #4CB391.
2026-06-09 17:01:14,787 NanoPlot:  Valid colormap Greens.
2026-06-09 17:01:14,791 NanoPlot:  Creating length plots for Read length.
2026-06-09 17:01:14,791 NanoPlot: Using 87483 reads with read length N50 of 1611bp and maximum of 1800bp.
2026-06-09 17:01:15,582 Saved ST05019_waterbird_1_filt/WeightedHistogramReadlength  as png (or png for --legacy)
2026-06-09 17:01:16,381 Saved ST05019_waterbird_1_filt/WeightedLogTransformed_HistogramReadlength  as png (or png for --legacy)
2026-06-09 17:01:17,157 Saved ST05019_waterbird_1_filt/Non_weightedHistogramReadlength  as png (or png for --legacy)
2026-06-09 17:01:17,933 Saved ST05019_waterbird_1_filt/Non_weightedLogTransformed_HistogramReadlength  as png (or png for --legacy)
2026-06-09 17:01:19,242 Saved ST05019_waterbird_1_filt/Yield_By_Length  as png (or png for --legacy)
2026-06-09 17:01:19,242 Created length plots
2026-06-09 17:01:19,246 NanoPlot: Creating Read lengths vs Average read quality plots using 87483 reads.
2026-06-09 17:01:20,637 Saved ST05019_waterbird_1_filt/LengthvsQualityScatterPlot_dot  as png (or png for --legacy)
2026-06-09 17:01:22,636 Saved ST05019_waterbird_1_filt/LengthvsQualityScatterPlot_kde  as png (or png for --legacy)
2026-06-09 17:01:22,637 Created LengthvsQual plot
2026-06-09 17:01:22,637 Writing html report.
2026-06-09 17:01:22,649 Finished!
