2026-06-09 17:35:46,649 NanoPlot 1.42.0 started with arguments Namespace(threads=12, verbose=False, store=False, raw=False, huge=False, outdir='SX03207_waterbird_2_raw', no_static=False, prefix='', tsv_stats=True, only_report=False, info_in_report=False, maxlength=None, minlength=None, drop_outliers=False, downsample=None, loglength=False, percentqual=False, alength=False, minqual=None, runtime_until=None, readtype='1D', barcoded=False, no_supplementary=False, color='#4CB391', colormap='Greens', format=['png'], plots=['kde', 'dot'], legacy=None, listcolors=False, listcolormaps=False, no_N50=False, N50=True, title=None, font_scale=1, dpi=100, hide_stats=False, fastq=['SX03207_waterbird_2.fastq.gz'], fasta=None, fastq_rich=None, fastq_minimal=None, summary=None, bam=None, ubam=None, cram=None, pickle=None, feather=None, path='SX03207_waterbird_2_raw/')
2026-06-09 17:35:46,650 Python version is: 3.12.3 | packaged by conda-forge | (main, Apr 15 2024, 18:38:13) [GCC 12.3.0]
2026-06-09 17:35:46,667 Nanoget: Starting to collect statistics from plain fastq file.
2026-06-09 17:35:46,667 Nanoget: Decompressing gzipped fastq SX03207_waterbird_2.fastq.gz
2026-06-09 17:36:06,413 Reduced DataFrame memory usage from 2.605396270751953Mb to 2.605396270751953Mb
2026-06-09 17:36:06,438 Nanoget: Gathered all metrics of 170739 reads
2026-06-09 17:36:06,508 Calculated statistics
2026-06-09 17:36:06,509 Using sequenced read lengths for plotting.
2026-06-09 17:36:06,516 NanoPlot:  Valid color #4CB391.
2026-06-09 17:36:06,516 NanoPlot:  Valid colormap Greens.
2026-06-09 17:36:06,522 NanoPlot:  Creating length plots for Read length.
2026-06-09 17:36:06,523 NanoPlot: Using 170739 reads with read length N50 of 1602bp and maximum of 4914bp.
2026-06-09 17:36:07,324 Saved SX03207_waterbird_2_raw/WeightedHistogramReadlength  as png (or png for --legacy)
2026-06-09 17:36:08,109 Saved SX03207_waterbird_2_raw/WeightedLogTransformed_HistogramReadlength  as png (or png for --legacy)
2026-06-09 17:36:08,889 Saved SX03207_waterbird_2_raw/Non_weightedHistogramReadlength  as png (or png for --legacy)
2026-06-09 17:36:09,678 Saved SX03207_waterbird_2_raw/Non_weightedLogTransformed_HistogramReadlength  as png (or png for --legacy)
2026-06-09 17:36:10,975 Saved SX03207_waterbird_2_raw/Yield_By_Length  as png (or png for --legacy)
2026-06-09 17:36:10,975 Created length plots
2026-06-09 17:36:10,978 NanoPlot: Creating Read lengths vs Average read quality plots using 170739 reads.
2026-06-09 17:36:12,450 Saved SX03207_waterbird_2_raw/LengthvsQualityScatterPlot_dot  as png (or png for --legacy)
2026-06-09 17:36:14,466 Saved SX03207_waterbird_2_raw/LengthvsQualityScatterPlot_kde  as png (or png for --legacy)
2026-06-09 17:36:14,466 Created LengthvsQual plot
2026-06-09 17:36:14,466 Writing html report.
2026-06-09 17:36:14,475 Finished!
