2026-06-09 17:08:52,804 NanoPlot 1.42.0 started with arguments Namespace(threads=12, verbose=False, store=False, raw=False, huge=False, outdir='ST05028_waterbird_1_filt', no_static=False, prefix='', tsv_stats=True, only_report=False, info_in_report=False, maxlength=None, minlength=None, drop_outliers=False, downsample=None, loglength=False, percentqual=False, alength=False, minqual=None, runtime_until=None, readtype='1D', barcoded=False, no_supplementary=False, color='#4CB391', colormap='Greens', format=['png'], plots=['kde', 'dot'], legacy=None, listcolors=False, listcolormaps=False, no_N50=False, N50=True, title=None, font_scale=1, dpi=100, hide_stats=False, fastq=['ST05028_waterbird_1_filt.fastq.gz'], fasta=None, fastq_rich=None, fastq_minimal=None, summary=None, bam=None, ubam=None, cram=None, pickle=None, feather=None, path='ST05028_waterbird_1_filt/')
2026-06-09 17:08:52,804 Python version is: 3.12.3 | packaged by conda-forge | (main, Apr 15 2024, 18:38:13) [GCC 12.3.0]
2026-06-09 17:08:52,815 Nanoget: Starting to collect statistics from plain fastq file.
2026-06-09 17:08:52,816 Nanoget: Decompressing gzipped fastq ST05028_waterbird_1_filt.fastq.gz
2026-06-09 17:09:03,377 Reduced DataFrame memory usage from 1.4443550109863281Mb to 1.4443550109863281Mb
2026-06-09 17:09:03,395 Nanoget: Gathered all metrics of 94649 reads
2026-06-09 17:09:03,436 Calculated statistics
2026-06-09 17:09:03,437 Using sequenced read lengths for plotting.
2026-06-09 17:09:03,441 NanoPlot:  Valid color #4CB391.
2026-06-09 17:09:03,441 NanoPlot:  Valid colormap Greens.
2026-06-09 17:09:03,444 NanoPlot:  Creating length plots for Read length.
2026-06-09 17:09:03,445 NanoPlot: Using 94649 reads with read length N50 of 1576bp and maximum of 1800bp.
2026-06-09 17:09:04,246 Saved ST05028_waterbird_1_filt/WeightedHistogramReadlength  as png (or png for --legacy)
2026-06-09 17:09:05,036 Saved ST05028_waterbird_1_filt/WeightedLogTransformed_HistogramReadlength  as png (or png for --legacy)
2026-06-09 17:09:05,827 Saved ST05028_waterbird_1_filt/Non_weightedHistogramReadlength  as png (or png for --legacy)
2026-06-09 17:09:06,618 Saved ST05028_waterbird_1_filt/Non_weightedLogTransformed_HistogramReadlength  as png (or png for --legacy)
2026-06-09 17:09:07,902 Saved ST05028_waterbird_1_filt/Yield_By_Length  as png (or png for --legacy)
2026-06-09 17:09:07,903 Created length plots
2026-06-09 17:09:07,907 NanoPlot: Creating Read lengths vs Average read quality plots using 94649 reads.
2026-06-09 17:09:09,303 Saved ST05028_waterbird_1_filt/LengthvsQualityScatterPlot_dot  as png (or png for --legacy)
2026-06-09 17:09:11,319 Saved ST05028_waterbird_1_filt/LengthvsQualityScatterPlot_kde  as png (or png for --legacy)
2026-06-09 17:09:11,319 Created LengthvsQual plot
2026-06-09 17:09:11,319 Writing html report.
2026-06-09 17:09:11,326 Finished!
