2026-06-09 17:16:12,331 NanoPlot 1.42.0 started with arguments Namespace(threads=12, verbose=False, store=False, raw=False, huge=False, outdir='ST05036_waterbird_1_raw', no_static=False, prefix='', tsv_stats=True, only_report=False, info_in_report=False, maxlength=None, minlength=None, drop_outliers=False, downsample=None, loglength=False, percentqual=False, alength=False, minqual=None, runtime_until=None, readtype='1D', barcoded=False, no_supplementary=False, color='#4CB391', colormap='Greens', format=['png'], plots=['kde', 'dot'], legacy=None, listcolors=False, listcolormaps=False, no_N50=False, N50=True, title=None, font_scale=1, dpi=100, hide_stats=False, fastq=['ST05036_waterbird_1.fastq.gz'], fasta=None, fastq_rich=None, fastq_minimal=None, summary=None, bam=None, ubam=None, cram=None, pickle=None, feather=None, path='ST05036_waterbird_1_raw/')
2026-06-09 17:16:12,331 Python version is: 3.12.3 | packaged by conda-forge | (main, Apr 15 2024, 18:38:13) [GCC 12.3.0]
2026-06-09 17:16:12,343 Nanoget: Starting to collect statistics from plain fastq file.
2026-06-09 17:16:12,344 Nanoget: Decompressing gzipped fastq ST05036_waterbird_1.fastq.gz
2026-06-09 17:16:12,371 Reduced DataFrame memory usage from 0.000537872314453125Mb to 0.000537872314453125Mb
2026-06-09 17:16:12,379 Nanoget: Gathered all metrics of 27 reads
2026-06-09 17:16:12,394 Calculated statistics
2026-06-09 17:16:12,394 Using sequenced read lengths for plotting.
2026-06-09 17:16:12,396 NanoPlot:  Valid color #4CB391.
2026-06-09 17:16:12,396 NanoPlot:  Valid colormap Greens.
2026-06-09 17:16:12,396 NanoPlot:  Creating length plots for Read length.
2026-06-09 17:16:12,397 NanoPlot: Using 27 reads with read length N50 of 1641bp and maximum of 3163bp.
2026-06-09 17:16:13,192 Saved ST05036_waterbird_1_raw/WeightedHistogramReadlength  as png (or png for --legacy)
2026-06-09 17:16:13,973 Saved ST05036_waterbird_1_raw/WeightedLogTransformed_HistogramReadlength  as png (or png for --legacy)
2026-06-09 17:16:14,751 Saved ST05036_waterbird_1_raw/Non_weightedHistogramReadlength  as png (or png for --legacy)
2026-06-09 17:16:15,522 Saved ST05036_waterbird_1_raw/Non_weightedLogTransformed_HistogramReadlength  as png (or png for --legacy)
2026-06-09 17:16:16,436 Saved ST05036_waterbird_1_raw/Yield_By_Length  as png (or png for --legacy)
2026-06-09 17:16:16,436 Created length plots
2026-06-09 17:16:16,438 NanoPlot: Creating Read lengths vs Average read quality plots using 27 reads.
2026-06-09 17:16:17,285 Saved ST05036_waterbird_1_raw/LengthvsQualityScatterPlot_dot  as png (or png for --legacy)
2026-06-09 17:16:18,118 Saved ST05036_waterbird_1_raw/LengthvsQualityScatterPlot_kde  as png (or png for --legacy)
2026-06-09 17:16:18,118 Created LengthvsQual plot
2026-06-09 17:16:18,118 Writing html report.
2026-06-09 17:16:18,124 Finished!
