2026-06-09 17:06:09,688 NanoPlot 1.42.0 started with arguments Namespace(threads=12, verbose=False, store=False, raw=False, huge=False, outdir='ST05025_waterbird_1_filt', no_static=False, prefix='', tsv_stats=True, only_report=False, info_in_report=False, maxlength=None, minlength=None, drop_outliers=False, downsample=None, loglength=False, percentqual=False, alength=False, minqual=None, runtime_until=None, readtype='1D', barcoded=False, no_supplementary=False, color='#4CB391', colormap='Greens', format=['png'], plots=['kde', 'dot'], legacy=None, listcolors=False, listcolormaps=False, no_N50=False, N50=True, title=None, font_scale=1, dpi=100, hide_stats=False, fastq=['ST05025_waterbird_1_filt.fastq.gz'], fasta=None, fastq_rich=None, fastq_minimal=None, summary=None, bam=None, ubam=None, cram=None, pickle=None, feather=None, path='ST05025_waterbird_1_filt/')
2026-06-09 17:06:09,688 Python version is: 3.12.3 | packaged by conda-forge | (main, Apr 15 2024, 18:38:13) [GCC 12.3.0]
2026-06-09 17:06:09,700 Nanoget: Starting to collect statistics from plain fastq file.
2026-06-09 17:06:09,700 Nanoget: Decompressing gzipped fastq ST05025_waterbird_1_filt.fastq.gz
2026-06-09 17:06:20,216 Reduced DataFrame memory usage from 1.4254798889160156Mb to 1.4254798889160156Mb
2026-06-09 17:06:20,234 Nanoget: Gathered all metrics of 93412 reads
2026-06-09 17:06:20,274 Calculated statistics
2026-06-09 17:06:20,275 Using sequenced read lengths for plotting.
2026-06-09 17:06:20,279 NanoPlot:  Valid color #4CB391.
2026-06-09 17:06:20,279 NanoPlot:  Valid colormap Greens.
2026-06-09 17:06:20,282 NanoPlot:  Creating length plots for Read length.
2026-06-09 17:06:20,282 NanoPlot: Using 93412 reads with read length N50 of 1583bp and maximum of 1799bp.
2026-06-09 17:06:21,070 Saved ST05025_waterbird_1_filt/WeightedHistogramReadlength  as png (or png for --legacy)
2026-06-09 17:06:21,871 Saved ST05025_waterbird_1_filt/WeightedLogTransformed_HistogramReadlength  as png (or png for --legacy)
2026-06-09 17:06:22,642 Saved ST05025_waterbird_1_filt/Non_weightedHistogramReadlength  as png (or png for --legacy)
2026-06-09 17:06:23,419 Saved ST05025_waterbird_1_filt/Non_weightedLogTransformed_HistogramReadlength  as png (or png for --legacy)
2026-06-09 17:06:24,727 Saved ST05025_waterbird_1_filt/Yield_By_Length  as png (or png for --legacy)
2026-06-09 17:06:24,727 Created length plots
2026-06-09 17:06:24,731 NanoPlot: Creating Read lengths vs Average read quality plots using 93412 reads.
2026-06-09 17:06:26,137 Saved ST05025_waterbird_1_filt/LengthvsQualityScatterPlot_dot  as png (or png for --legacy)
2026-06-09 17:06:28,204 Saved ST05025_waterbird_1_filt/LengthvsQualityScatterPlot_kde  as png (or png for --legacy)
2026-06-09 17:06:28,204 Created LengthvsQual plot
2026-06-09 17:06:28,204 Writing html report.
2026-06-09 17:06:28,216 Finished!
