2026-06-09 17:10:10,803 NanoPlot 1.42.0 started with arguments Namespace(threads=12, verbose=False, store=False, raw=False, huge=False, outdir='ST05030_waterbird_1_raw', no_static=False, prefix='', tsv_stats=True, only_report=False, info_in_report=False, maxlength=None, minlength=None, drop_outliers=False, downsample=None, loglength=False, percentqual=False, alength=False, minqual=None, runtime_until=None, readtype='1D', barcoded=False, no_supplementary=False, color='#4CB391', colormap='Greens', format=['png'], plots=['kde', 'dot'], legacy=None, listcolors=False, listcolormaps=False, no_N50=False, N50=True, title=None, font_scale=1, dpi=100, hide_stats=False, fastq=['ST05030_waterbird_1.fastq.gz'], fasta=None, fastq_rich=None, fastq_minimal=None, summary=None, bam=None, ubam=None, cram=None, pickle=None, feather=None, path='ST05030_waterbird_1_raw/')
2026-06-09 17:10:10,803 Python version is: 3.12.3 | packaged by conda-forge | (main, Apr 15 2024, 18:38:13) [GCC 12.3.0]
2026-06-09 17:10:10,815 Nanoget: Starting to collect statistics from plain fastq file.
2026-06-09 17:10:10,816 Nanoget: Decompressing gzipped fastq ST05030_waterbird_1.fastq.gz
2026-06-09 17:10:21,132 Reduced DataFrame memory usage from 1.3541603088378906Mb to 1.3541603088378906Mb
2026-06-09 17:10:21,150 Nanoget: Gathered all metrics of 88738 reads
2026-06-09 17:10:21,189 Calculated statistics
2026-06-09 17:10:21,189 Using sequenced read lengths for plotting.
2026-06-09 17:10:21,193 NanoPlot:  Valid color #4CB391.
2026-06-09 17:10:21,193 NanoPlot:  Valid colormap Greens.
2026-06-09 17:10:21,196 NanoPlot:  Creating length plots for Read length.
2026-06-09 17:10:21,197 NanoPlot: Using 88738 reads with read length N50 of 1578bp and maximum of 4905bp.
2026-06-09 17:10:21,980 Saved ST05030_waterbird_1_raw/WeightedHistogramReadlength  as png (or png for --legacy)
2026-06-09 17:10:22,763 Saved ST05030_waterbird_1_raw/WeightedLogTransformed_HistogramReadlength  as png (or png for --legacy)
2026-06-09 17:10:23,544 Saved ST05030_waterbird_1_raw/Non_weightedHistogramReadlength  as png (or png for --legacy)
2026-06-09 17:10:24,331 Saved ST05030_waterbird_1_raw/Non_weightedLogTransformed_HistogramReadlength  as png (or png for --legacy)
2026-06-09 17:10:25,608 Saved ST05030_waterbird_1_raw/Yield_By_Length  as png (or png for --legacy)
2026-06-09 17:10:25,609 Created length plots
2026-06-09 17:10:25,610 NanoPlot: Creating Read lengths vs Average read quality plots using 88738 reads.
2026-06-09 17:10:27,041 Saved ST05030_waterbird_1_raw/LengthvsQualityScatterPlot_dot  as png (or png for --legacy)
2026-06-09 17:10:29,058 Saved ST05030_waterbird_1_raw/LengthvsQualityScatterPlot_kde  as png (or png for --legacy)
2026-06-09 17:10:29,058 Created LengthvsQual plot
2026-06-09 17:10:29,058 Writing html report.
2026-06-09 17:10:29,071 Finished!
