2026-06-09 17:45:21,531 NanoPlot 1.42.0 started with arguments Namespace(threads=12, verbose=False, store=False, raw=False, huge=False, outdir='SX03224_waterbird_3_raw', no_static=False, prefix='', tsv_stats=True, only_report=False, info_in_report=False, maxlength=None, minlength=None, drop_outliers=False, downsample=None, loglength=False, percentqual=False, alength=False, minqual=None, runtime_until=None, readtype='1D', barcoded=False, no_supplementary=False, color='#4CB391', colormap='Greens', format=['png'], plots=['kde', 'dot'], legacy=None, listcolors=False, listcolormaps=False, no_N50=False, N50=True, title=None, font_scale=1, dpi=100, hide_stats=False, fastq=['SX03224_waterbird_3.fastq.gz'], fasta=None, fastq_rich=None, fastq_minimal=None, summary=None, bam=None, ubam=None, cram=None, pickle=None, feather=None, path='SX03224_waterbird_3_raw/')
2026-06-09 17:45:21,531 Python version is: 3.12.3 | packaged by conda-forge | (main, Apr 15 2024, 18:38:13) [GCC 12.3.0]
2026-06-09 17:45:21,549 Nanoget: Starting to collect statistics from plain fastq file.
2026-06-09 17:45:21,549 Nanoget: Decompressing gzipped fastq SX03224_waterbird_3.fastq.gz
2026-06-09 17:45:21,807 Reduced DataFrame memory usage from 0.031772613525390625Mb to 0.031772613525390625Mb
2026-06-09 17:45:21,817 Nanoget: Gathered all metrics of 2074 reads
2026-06-09 17:45:21,835 Calculated statistics
2026-06-09 17:45:21,836 Using sequenced read lengths for plotting.
2026-06-09 17:45:21,838 NanoPlot:  Valid color #4CB391.
2026-06-09 17:45:21,838 NanoPlot:  Valid colormap Greens.
2026-06-09 17:45:21,838 NanoPlot:  Creating length plots for Read length.
2026-06-09 17:45:21,838 NanoPlot: Using 2074 reads with read length N50 of 1593bp and maximum of 4915bp.
2026-06-09 17:45:22,645 Saved SX03224_waterbird_3_raw/WeightedHistogramReadlength  as png (or png for --legacy)
2026-06-09 17:45:23,446 Saved SX03224_waterbird_3_raw/WeightedLogTransformed_HistogramReadlength  as png (or png for --legacy)
2026-06-09 17:45:24,223 Saved SX03224_waterbird_3_raw/Non_weightedHistogramReadlength  as png (or png for --legacy)
2026-06-09 17:45:25,000 Saved SX03224_waterbird_3_raw/Non_weightedLogTransformed_HistogramReadlength  as png (or png for --legacy)
2026-06-09 17:45:26,217 Saved SX03224_waterbird_3_raw/Yield_By_Length  as png (or png for --legacy)
2026-06-09 17:45:26,217 Created length plots
2026-06-09 17:45:26,219 NanoPlot: Creating Read lengths vs Average read quality plots using 2074 reads.
2026-06-09 17:45:27,436 Saved SX03224_waterbird_3_raw/LengthvsQualityScatterPlot_dot  as png (or png for --legacy)
2026-06-09 17:45:28,603 Saved SX03224_waterbird_3_raw/LengthvsQualityScatterPlot_kde  as png (or png for --legacy)
2026-06-09 17:45:28,603 Created LengthvsQual plot
2026-06-09 17:45:28,603 Writing html report.
2026-06-09 17:45:28,611 Finished!
