2026-06-09 17:19:57,736 NanoPlot 1.42.0 started with arguments Namespace(threads=12, verbose=False, store=False, raw=False, huge=False, outdir='ST05073_waterbird_3_raw', no_static=False, prefix='', tsv_stats=True, only_report=False, info_in_report=False, maxlength=None, minlength=None, drop_outliers=False, downsample=None, loglength=False, percentqual=False, alength=False, minqual=None, runtime_until=None, readtype='1D', barcoded=False, no_supplementary=False, color='#4CB391', colormap='Greens', format=['png'], plots=['kde', 'dot'], legacy=None, listcolors=False, listcolormaps=False, no_N50=False, N50=True, title=None, font_scale=1, dpi=100, hide_stats=False, fastq=['ST05073_waterbird_3.fastq.gz'], fasta=None, fastq_rich=None, fastq_minimal=None, summary=None, bam=None, ubam=None, cram=None, pickle=None, feather=None, path='ST05073_waterbird_3_raw/')
2026-06-09 17:19:57,736 Python version is: 3.12.3 | packaged by conda-forge | (main, Apr 15 2024, 18:38:13) [GCC 12.3.0]
2026-06-09 17:19:57,747 Nanoget: Starting to collect statistics from plain fastq file.
2026-06-09 17:19:57,748 Nanoget: Decompressing gzipped fastq ST05073_waterbird_3.fastq.gz
2026-06-09 17:19:57,936 Reduced DataFrame memory usage from 0.021259307861328125Mb to 0.021259307861328125Mb
2026-06-09 17:19:57,946 Nanoget: Gathered all metrics of 1385 reads
2026-06-09 17:19:57,964 Calculated statistics
2026-06-09 17:19:57,964 Using sequenced read lengths for plotting.
2026-06-09 17:19:57,965 NanoPlot:  Valid color #4CB391.
2026-06-09 17:19:57,965 NanoPlot:  Valid colormap Greens.
2026-06-09 17:19:57,966 NanoPlot:  Creating length plots for Read length.
2026-06-09 17:19:57,966 NanoPlot: Using 1385 reads with read length N50 of 1599bp and maximum of 3309bp.
2026-06-09 17:19:58,753 Saved ST05073_waterbird_3_raw/WeightedHistogramReadlength  as png (or png for --legacy)
2026-06-09 17:19:59,544 Saved ST05073_waterbird_3_raw/WeightedLogTransformed_HistogramReadlength  as png (or png for --legacy)
2026-06-09 17:20:00,329 Saved ST05073_waterbird_3_raw/Non_weightedHistogramReadlength  as png (or png for --legacy)
2026-06-09 17:20:01,100 Saved ST05073_waterbird_3_raw/Non_weightedLogTransformed_HistogramReadlength  as png (or png for --legacy)
2026-06-09 17:20:02,311 Saved ST05073_waterbird_3_raw/Yield_By_Length  as png (or png for --legacy)
2026-06-09 17:20:02,312 Created length plots
2026-06-09 17:20:02,313 NanoPlot: Creating Read lengths vs Average read quality plots using 1385 reads.
2026-06-09 17:20:03,523 Saved ST05073_waterbird_3_raw/LengthvsQualityScatterPlot_dot  as png (or png for --legacy)
2026-06-09 17:20:04,564 Saved ST05073_waterbird_3_raw/LengthvsQualityScatterPlot_kde  as png (or png for --legacy)
2026-06-09 17:20:04,564 Created LengthvsQual plot
2026-06-09 17:20:04,565 Writing html report.
2026-06-09 17:20:04,572 Finished!
