2026-06-09 17:05:26,770 NanoPlot 1.42.0 started with arguments Namespace(threads=12, verbose=False, store=False, raw=False, huge=False, outdir='ST05025_waterbird_1_raw', no_static=False, prefix='', tsv_stats=True, only_report=False, info_in_report=False, maxlength=None, minlength=None, drop_outliers=False, downsample=None, loglength=False, percentqual=False, alength=False, minqual=None, runtime_until=None, readtype='1D', barcoded=False, no_supplementary=False, color='#4CB391', colormap='Greens', format=['png'], plots=['kde', 'dot'], legacy=None, listcolors=False, listcolormaps=False, no_N50=False, N50=True, title=None, font_scale=1, dpi=100, hide_stats=False, fastq=['ST05025_waterbird_1.fastq.gz'], fasta=None, fastq_rich=None, fastq_minimal=None, summary=None, bam=None, ubam=None, cram=None, pickle=None, feather=None, path='ST05025_waterbird_1_raw/')
2026-06-09 17:05:26,770 Python version is: 3.12.3 | packaged by conda-forge | (main, Apr 15 2024, 18:38:13) [GCC 12.3.0]
2026-06-09 17:05:26,782 Nanoget: Starting to collect statistics from plain fastq file.
2026-06-09 17:05:26,783 Nanoget: Decompressing gzipped fastq ST05025_waterbird_1.fastq.gz
2026-06-09 17:05:37,776 Reduced DataFrame memory usage from 1.4742622375488281Mb to 1.4742622375488281Mb
2026-06-09 17:05:37,793 Nanoget: Gathered all metrics of 96609 reads
2026-06-09 17:05:37,835 Calculated statistics
2026-06-09 17:05:37,836 Using sequenced read lengths for plotting.
2026-06-09 17:05:37,840 NanoPlot:  Valid color #4CB391.
2026-06-09 17:05:37,840 NanoPlot:  Valid colormap Greens.
2026-06-09 17:05:37,843 NanoPlot:  Creating length plots for Read length.
2026-06-09 17:05:37,844 NanoPlot: Using 96609 reads with read length N50 of 1584bp and maximum of 19468bp.
2026-06-09 17:05:38,643 Saved ST05025_waterbird_1_raw/WeightedHistogramReadlength  as png (or png for --legacy)
2026-06-09 17:05:39,440 Saved ST05025_waterbird_1_raw/WeightedLogTransformed_HistogramReadlength  as png (or png for --legacy)
2026-06-09 17:05:40,227 Saved ST05025_waterbird_1_raw/Non_weightedHistogramReadlength  as png (or png for --legacy)
2026-06-09 17:05:41,007 Saved ST05025_waterbird_1_raw/Non_weightedLogTransformed_HistogramReadlength  as png (or png for --legacy)
2026-06-09 17:05:42,320 Saved ST05025_waterbird_1_raw/Yield_By_Length  as png (or png for --legacy)
2026-06-09 17:05:42,320 Created length plots
2026-06-09 17:05:42,324 NanoPlot: Creating Read lengths vs Average read quality plots using 96609 reads.
2026-06-09 17:05:43,836 Saved ST05025_waterbird_1_raw/LengthvsQualityScatterPlot_dot  as png (or png for --legacy)
2026-06-09 17:05:46,108 Saved ST05025_waterbird_1_raw/LengthvsQualityScatterPlot_kde  as png (or png for --legacy)
2026-06-09 17:05:46,109 Created LengthvsQual plot
2026-06-09 17:05:46,109 Writing html report.
2026-06-09 17:05:46,122 Finished!
