2026-06-09 17:06:57,018 NanoPlot 1.42.0 started with arguments Namespace(threads=12, verbose=False, store=False, raw=False, huge=False, outdir='ST05026_waterbird_1_filt', no_static=False, prefix='', tsv_stats=True, only_report=False, info_in_report=False, maxlength=None, minlength=None, drop_outliers=False, downsample=None, loglength=False, percentqual=False, alength=False, minqual=None, runtime_until=None, readtype='1D', barcoded=False, no_supplementary=False, color='#4CB391', colormap='Greens', format=['png'], plots=['kde', 'dot'], legacy=None, listcolors=False, listcolormaps=False, no_N50=False, N50=True, title=None, font_scale=1, dpi=100, hide_stats=False, fastq=['ST05026_waterbird_1_filt.fastq.gz'], fasta=None, fastq_rich=None, fastq_minimal=None, summary=None, bam=None, ubam=None, cram=None, pickle=None, feather=None, path='ST05026_waterbird_1_filt/')
2026-06-09 17:06:57,018 Python version is: 3.12.3 | packaged by conda-forge | (main, Apr 15 2024, 18:38:13) [GCC 12.3.0]
2026-06-09 17:06:57,029 Nanoget: Starting to collect statistics from plain fastq file.
2026-06-09 17:06:57,030 Nanoget: Decompressing gzipped fastq ST05026_waterbird_1_filt.fastq.gz
2026-06-09 17:07:02,921 Reduced DataFrame memory usage from 0.7950630187988281Mb to 0.7950630187988281Mb
2026-06-09 17:07:02,934 Nanoget: Gathered all metrics of 52097 reads
2026-06-09 17:07:02,964 Calculated statistics
2026-06-09 17:07:02,965 Using sequenced read lengths for plotting.
2026-06-09 17:07:02,967 NanoPlot:  Valid color #4CB391.
2026-06-09 17:07:02,967 NanoPlot:  Valid colormap Greens.
2026-06-09 17:07:02,970 NanoPlot:  Creating length plots for Read length.
2026-06-09 17:07:02,970 NanoPlot: Using 52097 reads with read length N50 of 1574bp and maximum of 1800bp.
2026-06-09 17:07:03,757 Saved ST05026_waterbird_1_filt/WeightedHistogramReadlength  as png (or png for --legacy)
2026-06-09 17:07:04,568 Saved ST05026_waterbird_1_filt/WeightedLogTransformed_HistogramReadlength  as png (or png for --legacy)
2026-06-09 17:07:05,353 Saved ST05026_waterbird_1_filt/Non_weightedHistogramReadlength  as png (or png for --legacy)
2026-06-09 17:07:06,134 Saved ST05026_waterbird_1_filt/Non_weightedLogTransformed_HistogramReadlength  as png (or png for --legacy)
2026-06-09 17:07:07,448 Saved ST05026_waterbird_1_filt/Yield_By_Length  as png (or png for --legacy)
2026-06-09 17:07:07,449 Created length plots
2026-06-09 17:07:07,451 NanoPlot: Creating Read lengths vs Average read quality plots using 52097 reads.
2026-06-09 17:07:08,918 Saved ST05026_waterbird_1_filt/LengthvsQualityScatterPlot_dot  as png (or png for --legacy)
2026-06-09 17:07:10,933 Saved ST05026_waterbird_1_filt/LengthvsQualityScatterPlot_kde  as png (or png for --legacy)
2026-06-09 17:07:10,933 Created LengthvsQual plot
2026-06-09 17:07:10,933 Writing html report.
2026-06-09 17:07:10,940 Finished!
