2026-06-09 17:35:19,877 NanoPlot 1.42.0 started with arguments Namespace(threads=12, verbose=False, store=False, raw=False, huge=False, outdir='SX03201_waterbird_2_filt', no_static=False, prefix='', tsv_stats=True, only_report=False, info_in_report=False, maxlength=None, minlength=None, drop_outliers=False, downsample=None, loglength=False, percentqual=False, alength=False, minqual=None, runtime_until=None, readtype='1D', barcoded=False, no_supplementary=False, color='#4CB391', colormap='Greens', format=['png'], plots=['kde', 'dot'], legacy=None, listcolors=False, listcolormaps=False, no_N50=False, N50=True, title=None, font_scale=1, dpi=100, hide_stats=False, fastq=['SX03201_waterbird_2_filt.fastq.gz'], fasta=None, fastq_rich=None, fastq_minimal=None, summary=None, bam=None, ubam=None, cram=None, pickle=None, feather=None, path='SX03201_waterbird_2_filt/')
2026-06-09 17:35:19,877 Python version is: 3.12.3 | packaged by conda-forge | (main, Apr 15 2024, 18:38:13) [GCC 12.3.0]
2026-06-09 17:35:19,890 Nanoget: Starting to collect statistics from plain fastq file.
2026-06-09 17:35:19,891 Nanoget: Decompressing gzipped fastq SX03201_waterbird_2_filt.fastq.gz
2026-06-09 17:35:37,358 Reduced DataFrame memory usage from 2.3011512756347656Mb to 2.3011512756347656Mb
2026-06-09 17:35:37,384 Nanoget: Gathered all metrics of 150800 reads
2026-06-09 17:35:37,451 Calculated statistics
2026-06-09 17:35:37,452 Using sequenced read lengths for plotting.
2026-06-09 17:35:37,458 NanoPlot:  Valid color #4CB391.
2026-06-09 17:35:37,458 NanoPlot:  Valid colormap Greens.
2026-06-09 17:35:37,464 NanoPlot:  Creating length plots for Read length.
2026-06-09 17:35:37,464 NanoPlot: Using 150800 reads with read length N50 of 1617bp and maximum of 1800bp.
2026-06-09 17:35:38,280 Saved SX03201_waterbird_2_filt/WeightedHistogramReadlength  as png (or png for --legacy)
2026-06-09 17:35:39,067 Saved SX03201_waterbird_2_filt/WeightedLogTransformed_HistogramReadlength  as png (or png for --legacy)
2026-06-09 17:35:39,851 Saved SX03201_waterbird_2_filt/Non_weightedHistogramReadlength  as png (or png for --legacy)
2026-06-09 17:35:40,642 Saved SX03201_waterbird_2_filt/Non_weightedLogTransformed_HistogramReadlength  as png (or png for --legacy)
2026-06-09 17:35:41,946 Saved SX03201_waterbird_2_filt/Yield_By_Length  as png (or png for --legacy)
2026-06-09 17:35:41,946 Created length plots
2026-06-09 17:35:41,948 NanoPlot: Creating Read lengths vs Average read quality plots using 150800 reads.
2026-06-09 17:35:43,392 Saved SX03201_waterbird_2_filt/LengthvsQualityScatterPlot_dot  as png (or png for --legacy)
2026-06-09 17:35:45,490 Saved SX03201_waterbird_2_filt/LengthvsQualityScatterPlot_kde  as png (or png for --legacy)
2026-06-09 17:35:45,490 Created LengthvsQual plot
2026-06-09 17:35:45,490 Writing html report.
2026-06-09 17:35:45,502 Finished!
