2026-06-09 17:44:46,664 NanoPlot 1.42.0 started with arguments Namespace(threads=12, verbose=False, store=False, raw=False, huge=False, outdir='SX03222_waterbird_3_raw', no_static=False, prefix='', tsv_stats=True, only_report=False, info_in_report=False, maxlength=None, minlength=None, drop_outliers=False, downsample=None, loglength=False, percentqual=False, alength=False, minqual=None, runtime_until=None, readtype='1D', barcoded=False, no_supplementary=False, color='#4CB391', colormap='Greens', format=['png'], plots=['kde', 'dot'], legacy=None, listcolors=False, listcolormaps=False, no_N50=False, N50=True, title=None, font_scale=1, dpi=100, hide_stats=False, fastq=['SX03222_waterbird_3.fastq.gz'], fasta=None, fastq_rich=None, fastq_minimal=None, summary=None, bam=None, ubam=None, cram=None, pickle=None, feather=None, path='SX03222_waterbird_3_raw/')
2026-06-09 17:44:46,664 Python version is: 3.12.3 | packaged by conda-forge | (main, Apr 15 2024, 18:38:13) [GCC 12.3.0]
2026-06-09 17:44:46,682 Nanoget: Starting to collect statistics from plain fastq file.
2026-06-09 17:44:46,682 Nanoget: Decompressing gzipped fastq SX03222_waterbird_3.fastq.gz
2026-06-09 17:44:46,728 Reduced DataFrame memory usage from 0.002643585205078125Mb to 0.002643585205078125Mb
2026-06-09 17:44:46,738 Nanoget: Gathered all metrics of 165 reads
2026-06-09 17:44:46,757 Calculated statistics
2026-06-09 17:44:46,757 Using sequenced read lengths for plotting.
2026-06-09 17:44:46,758 NanoPlot:  Valid color #4CB391.
2026-06-09 17:44:46,758 NanoPlot:  Valid colormap Greens.
2026-06-09 17:44:46,759 NanoPlot:  Creating length plots for Read length.
2026-06-09 17:44:46,759 NanoPlot: Using 165 reads with read length N50 of 1579bp and maximum of 3107bp.
2026-06-09 17:44:47,557 Saved SX03222_waterbird_3_raw/WeightedHistogramReadlength  as png (or png for --legacy)
2026-06-09 17:44:48,351 Saved SX03222_waterbird_3_raw/WeightedLogTransformed_HistogramReadlength  as png (or png for --legacy)
2026-06-09 17:44:49,129 Saved SX03222_waterbird_3_raw/Non_weightedHistogramReadlength  as png (or png for --legacy)
2026-06-09 17:44:49,921 Saved SX03222_waterbird_3_raw/Non_weightedLogTransformed_HistogramReadlength  as png (or png for --legacy)
2026-06-09 17:44:50,847 Saved SX03222_waterbird_3_raw/Yield_By_Length  as png (or png for --legacy)
2026-06-09 17:44:50,847 Created length plots
2026-06-09 17:44:50,849 NanoPlot: Creating Read lengths vs Average read quality plots using 165 reads.
2026-06-09 17:44:51,723 Saved SX03222_waterbird_3_raw/LengthvsQualityScatterPlot_dot  as png (or png for --legacy)
2026-06-09 17:44:52,591 Saved SX03222_waterbird_3_raw/LengthvsQualityScatterPlot_kde  as png (or png for --legacy)
2026-06-09 17:44:52,591 Created LengthvsQual plot
2026-06-09 17:44:52,591 Writing html report.
2026-06-09 17:44:52,598 Finished!
