2026-06-09 17:46:12,920 NanoPlot 1.42.0 started with arguments Namespace(threads=12, verbose=False, store=False, raw=False, huge=False, outdir='SX03226_waterbird_3_filt', no_static=False, prefix='', tsv_stats=True, only_report=False, info_in_report=False, maxlength=None, minlength=None, drop_outliers=False, downsample=None, loglength=False, percentqual=False, alength=False, minqual=None, runtime_until=None, readtype='1D', barcoded=False, no_supplementary=False, color='#4CB391', colormap='Greens', format=['png'], plots=['kde', 'dot'], legacy=None, listcolors=False, listcolormaps=False, no_N50=False, N50=True, title=None, font_scale=1, dpi=100, hide_stats=False, fastq=['SX03226_waterbird_3_filt.fastq.gz'], fasta=None, fastq_rich=None, fastq_minimal=None, summary=None, bam=None, ubam=None, cram=None, pickle=None, feather=None, path='SX03226_waterbird_3_filt/')
2026-06-09 17:46:12,921 Python version is: 3.12.3 | packaged by conda-forge | (main, Apr 15 2024, 18:38:13) [GCC 12.3.0]
2026-06-09 17:46:12,934 Nanoget: Starting to collect statistics from plain fastq file.
2026-06-09 17:46:12,935 Nanoget: Decompressing gzipped fastq SX03226_waterbird_3_filt.fastq.gz
2026-06-09 17:46:21,347 Reduced DataFrame memory usage from 1.0677070617675781Mb to 1.0677070617675781Mb
2026-06-09 17:46:21,364 Nanoget: Gathered all metrics of 69965 reads
2026-06-09 17:46:21,401 Calculated statistics
2026-06-09 17:46:21,402 Using sequenced read lengths for plotting.
2026-06-09 17:46:21,405 NanoPlot:  Valid color #4CB391.
2026-06-09 17:46:21,405 NanoPlot:  Valid colormap Greens.
2026-06-09 17:46:21,408 NanoPlot:  Creating length plots for Read length.
2026-06-09 17:46:21,408 NanoPlot: Using 69965 reads with read length N50 of 1576bp and maximum of 1800bp.
2026-06-09 17:46:22,211 Saved SX03226_waterbird_3_filt/WeightedHistogramReadlength  as png (or png for --legacy)
2026-06-09 17:46:22,991 Saved SX03226_waterbird_3_filt/WeightedLogTransformed_HistogramReadlength  as png (or png for --legacy)
2026-06-09 17:46:23,797 Saved SX03226_waterbird_3_filt/Non_weightedHistogramReadlength  as png (or png for --legacy)
2026-06-09 17:46:24,581 Saved SX03226_waterbird_3_filt/Non_weightedLogTransformed_HistogramReadlength  as png (or png for --legacy)
2026-06-09 17:46:25,870 Saved SX03226_waterbird_3_filt/Yield_By_Length  as png (or png for --legacy)
2026-06-09 17:46:25,870 Created length plots
2026-06-09 17:46:25,874 NanoPlot: Creating Read lengths vs Average read quality plots using 69965 reads.
2026-06-09 17:46:27,296 Saved SX03226_waterbird_3_filt/LengthvsQualityScatterPlot_dot  as png (or png for --legacy)
2026-06-09 17:46:29,327 Saved SX03226_waterbird_3_filt/LengthvsQualityScatterPlot_kde  as png (or png for --legacy)
2026-06-09 17:46:29,327 Created LengthvsQual plot
2026-06-09 17:46:29,327 Writing html report.
2026-06-09 17:46:29,334 Finished!
