2026-06-09 17:26:02,992 NanoPlot 1.42.0 started with arguments Namespace(threads=12, verbose=False, store=False, raw=False, huge=False, outdir='ST05320_waterbird_2_raw', no_static=False, prefix='', tsv_stats=True, only_report=False, info_in_report=False, maxlength=None, minlength=None, drop_outliers=False, downsample=None, loglength=False, percentqual=False, alength=False, minqual=None, runtime_until=None, readtype='1D', barcoded=False, no_supplementary=False, color='#4CB391', colormap='Greens', format=['png'], plots=['kde', 'dot'], legacy=None, listcolors=False, listcolormaps=False, no_N50=False, N50=True, title=None, font_scale=1, dpi=100, hide_stats=False, fastq=['ST05320_waterbird_2.fastq.gz'], fasta=None, fastq_rich=None, fastq_minimal=None, summary=None, bam=None, ubam=None, cram=None, pickle=None, feather=None, path='ST05320_waterbird_2_raw/')
2026-06-09 17:26:02,992 Python version is: 3.12.3 | packaged by conda-forge | (main, Apr 15 2024, 18:38:13) [GCC 12.3.0]
2026-06-09 17:26:03,005 Nanoget: Starting to collect statistics from plain fastq file.
2026-06-09 17:26:03,006 Nanoget: Decompressing gzipped fastq ST05320_waterbird_2.fastq.gz
2026-06-09 17:26:08,933 Reduced DataFrame memory usage from 0.8107643127441406Mb to 0.8107643127441406Mb
2026-06-09 17:26:08,946 Nanoget: Gathered all metrics of 53126 reads
2026-06-09 17:26:08,980 Calculated statistics
2026-06-09 17:26:08,980 Using sequenced read lengths for plotting.
2026-06-09 17:26:08,983 NanoPlot:  Valid color #4CB391.
2026-06-09 17:26:08,983 NanoPlot:  Valid colormap Greens.
2026-06-09 17:26:08,985 NanoPlot:  Creating length plots for Read length.
2026-06-09 17:26:08,985 NanoPlot: Using 53126 reads with read length N50 of 1582bp and maximum of 3469bp.
2026-06-09 17:26:09,778 Saved ST05320_waterbird_2_raw/WeightedHistogramReadlength  as png (or png for --legacy)
2026-06-09 17:26:10,566 Saved ST05320_waterbird_2_raw/WeightedLogTransformed_HistogramReadlength  as png (or png for --legacy)
2026-06-09 17:26:11,356 Saved ST05320_waterbird_2_raw/Non_weightedHistogramReadlength  as png (or png for --legacy)
2026-06-09 17:26:12,135 Saved ST05320_waterbird_2_raw/Non_weightedLogTransformed_HistogramReadlength  as png (or png for --legacy)
2026-06-09 17:26:13,420 Saved ST05320_waterbird_2_raw/Yield_By_Length  as png (or png for --legacy)
2026-06-09 17:26:13,420 Created length plots
2026-06-09 17:26:13,424 NanoPlot: Creating Read lengths vs Average read quality plots using 53126 reads.
2026-06-09 17:26:14,917 Saved ST05320_waterbird_2_raw/LengthvsQualityScatterPlot_dot  as png (or png for --legacy)
2026-06-09 17:26:16,969 Saved ST05320_waterbird_2_raw/LengthvsQualityScatterPlot_kde  as png (or png for --legacy)
2026-06-09 17:26:16,970 Created LengthvsQual plot
2026-06-09 17:26:16,970 Writing html report.
2026-06-09 17:26:16,978 Finished!
