2026-06-09 17:03:25,794 NanoPlot 1.42.0 started with arguments Namespace(threads=12, verbose=False, store=False, raw=False, huge=False, outdir='ST05023_waterbird_2_raw', no_static=False, prefix='', tsv_stats=True, only_report=False, info_in_report=False, maxlength=None, minlength=None, drop_outliers=False, downsample=None, loglength=False, percentqual=False, alength=False, minqual=None, runtime_until=None, readtype='1D', barcoded=False, no_supplementary=False, color='#4CB391', colormap='Greens', format=['png'], plots=['kde', 'dot'], legacy=None, listcolors=False, listcolormaps=False, no_N50=False, N50=True, title=None, font_scale=1, dpi=100, hide_stats=False, fastq=['ST05023_waterbird_2.fastq.gz'], fasta=None, fastq_rich=None, fastq_minimal=None, summary=None, bam=None, ubam=None, cram=None, pickle=None, feather=None, path='ST05023_waterbird_2_raw/')
2026-06-09 17:03:25,794 Python version is: 3.12.3 | packaged by conda-forge | (main, Apr 15 2024, 18:38:13) [GCC 12.3.0]
2026-06-09 17:03:25,806 Nanoget: Starting to collect statistics from plain fastq file.
2026-06-09 17:03:25,807 Nanoget: Decompressing gzipped fastq ST05023_waterbird_2.fastq.gz
2026-06-09 17:03:37,215 Reduced DataFrame memory usage from 1.5863990783691406Mb to 1.5863990783691406Mb
2026-06-09 17:03:37,234 Nanoget: Gathered all metrics of 103958 reads
2026-06-09 17:03:37,278 Calculated statistics
2026-06-09 17:03:37,278 Using sequenced read lengths for plotting.
2026-06-09 17:03:37,282 NanoPlot:  Valid color #4CB391.
2026-06-09 17:03:37,282 NanoPlot:  Valid colormap Greens.
2026-06-09 17:03:37,286 NanoPlot:  Creating length plots for Read length.
2026-06-09 17:03:37,286 NanoPlot: Using 103958 reads with read length N50 of 1616bp and maximum of 3624bp.
2026-06-09 17:03:38,166 Saved ST05023_waterbird_2_raw/WeightedHistogramReadlength  as png (or png for --legacy)
2026-06-09 17:03:38,943 Saved ST05023_waterbird_2_raw/WeightedLogTransformed_HistogramReadlength  as png (or png for --legacy)
2026-06-09 17:03:39,725 Saved ST05023_waterbird_2_raw/Non_weightedHistogramReadlength  as png (or png for --legacy)
2026-06-09 17:03:40,505 Saved ST05023_waterbird_2_raw/Non_weightedLogTransformed_HistogramReadlength  as png (or png for --legacy)
2026-06-09 17:03:41,797 Saved ST05023_waterbird_2_raw/Yield_By_Length  as png (or png for --legacy)
2026-06-09 17:03:41,797 Created length plots
2026-06-09 17:03:41,802 NanoPlot: Creating Read lengths vs Average read quality plots using 103958 reads.
2026-06-09 17:03:43,219 Saved ST05023_waterbird_2_raw/LengthvsQualityScatterPlot_dot  as png (or png for --legacy)
2026-06-09 17:03:45,281 Saved ST05023_waterbird_2_raw/LengthvsQualityScatterPlot_kde  as png (or png for --legacy)
2026-06-09 17:03:45,281 Created LengthvsQual plot
2026-06-09 17:03:45,281 Writing html report.
2026-06-09 17:03:45,288 Finished!
