2026-06-09 17:44:37,138 NanoPlot 1.42.0 started with arguments Namespace(threads=12, verbose=False, store=False, raw=False, huge=False, outdir='SX03220_waterbird_3_filt', no_static=False, prefix='', tsv_stats=True, only_report=False, info_in_report=False, maxlength=None, minlength=None, drop_outliers=False, downsample=None, loglength=False, percentqual=False, alength=False, minqual=None, runtime_until=None, readtype='1D', barcoded=False, no_supplementary=False, color='#4CB391', colormap='Greens', format=['png'], plots=['kde', 'dot'], legacy=None, listcolors=False, listcolormaps=False, no_N50=False, N50=True, title=None, font_scale=1, dpi=100, hide_stats=False, fastq=['SX03220_waterbird_3_filt.fastq.gz'], fasta=None, fastq_rich=None, fastq_minimal=None, summary=None, bam=None, ubam=None, cram=None, pickle=None, feather=None, path='SX03220_waterbird_3_filt/')
2026-06-09 17:44:37,138 Python version is: 3.12.3 | packaged by conda-forge | (main, Apr 15 2024, 18:38:13) [GCC 12.3.0]
2026-06-09 17:44:37,151 Nanoget: Starting to collect statistics from plain fastq file.
2026-06-09 17:44:37,152 Nanoget: Decompressing gzipped fastq SX03220_waterbird_3_filt.fastq.gz
2026-06-09 17:44:38,046 Reduced DataFrame memory usage from 0.10292434692382812Mb to 0.10292434692382812Mb
2026-06-09 17:44:38,057 Nanoget: Gathered all metrics of 6737 reads
2026-06-09 17:44:38,077 Calculated statistics
2026-06-09 17:44:38,078 Using sequenced read lengths for plotting.
2026-06-09 17:44:38,079 NanoPlot:  Valid color #4CB391.
2026-06-09 17:44:38,079 NanoPlot:  Valid colormap Greens.
2026-06-09 17:44:38,080 NanoPlot:  Creating length plots for Read length.
2026-06-09 17:44:38,080 NanoPlot: Using 6737 reads with read length N50 of 1596bp and maximum of 1794bp.
2026-06-09 17:44:38,862 Saved SX03220_waterbird_3_filt/WeightedHistogramReadlength  as png (or png for --legacy)
2026-06-09 17:44:39,654 Saved SX03220_waterbird_3_filt/WeightedLogTransformed_HistogramReadlength  as png (or png for --legacy)
2026-06-09 17:44:40,449 Saved SX03220_waterbird_3_filt/Non_weightedHistogramReadlength  as png (or png for --legacy)
2026-06-09 17:44:41,211 Saved SX03220_waterbird_3_filt/Non_weightedLogTransformed_HistogramReadlength  as png (or png for --legacy)
2026-06-09 17:44:42,471 Saved SX03220_waterbird_3_filt/Yield_By_Length  as png (or png for --legacy)
2026-06-09 17:44:42,471 Created length plots
2026-06-09 17:44:42,473 NanoPlot: Creating Read lengths vs Average read quality plots using 6737 reads.
2026-06-09 17:44:43,800 Saved SX03220_waterbird_3_filt/LengthvsQualityScatterPlot_dot  as png (or png for --legacy)
2026-06-09 17:44:45,492 Saved SX03220_waterbird_3_filt/LengthvsQualityScatterPlot_kde  as png (or png for --legacy)
2026-06-09 17:44:45,492 Created LengthvsQual plot
2026-06-09 17:44:45,493 Writing html report.
2026-06-09 17:44:45,505 Finished!
