2026-06-09 17:44:07,844 NanoPlot 1.42.0 started with arguments Namespace(threads=12, verbose=False, store=False, raw=False, huge=False, outdir='SX03219_waterbird_3_filt', no_static=False, prefix='', tsv_stats=True, only_report=False, info_in_report=False, maxlength=None, minlength=None, drop_outliers=False, downsample=None, loglength=False, percentqual=False, alength=False, minqual=None, runtime_until=None, readtype='1D', barcoded=False, no_supplementary=False, color='#4CB391', colormap='Greens', format=['png'], plots=['kde', 'dot'], legacy=None, listcolors=False, listcolormaps=False, no_N50=False, N50=True, title=None, font_scale=1, dpi=100, hide_stats=False, fastq=['SX03219_waterbird_3_filt.fastq.gz'], fasta=None, fastq_rich=None, fastq_minimal=None, summary=None, bam=None, ubam=None, cram=None, pickle=None, feather=None, path='SX03219_waterbird_3_filt/')
2026-06-09 17:44:07,844 Python version is: 3.12.3 | packaged by conda-forge | (main, Apr 15 2024, 18:38:13) [GCC 12.3.0]
2026-06-09 17:44:07,856 Nanoget: Starting to collect statistics from plain fastq file.
2026-06-09 17:44:07,857 Nanoget: Decompressing gzipped fastq SX03219_waterbird_3_filt.fastq.gz
2026-06-09 17:44:16,315 Reduced DataFrame memory usage from 1.1336555480957031Mb to 1.1336555480957031Mb
2026-06-09 17:44:16,331 Nanoget: Gathered all metrics of 74287 reads
2026-06-09 17:44:16,367 Calculated statistics
2026-06-09 17:44:16,367 Using sequenced read lengths for plotting.
2026-06-09 17:44:16,370 NanoPlot:  Valid color #4CB391.
2026-06-09 17:44:16,371 NanoPlot:  Valid colormap Greens.
2026-06-09 17:44:16,373 NanoPlot:  Creating length plots for Read length.
2026-06-09 17:44:16,374 NanoPlot: Using 74287 reads with read length N50 of 1613bp and maximum of 1799bp.
2026-06-09 17:44:17,161 Saved SX03219_waterbird_3_filt/WeightedHistogramReadlength  as png (or png for --legacy)
2026-06-09 17:44:17,943 Saved SX03219_waterbird_3_filt/WeightedLogTransformed_HistogramReadlength  as png (or png for --legacy)
2026-06-09 17:44:18,729 Saved SX03219_waterbird_3_filt/Non_weightedHistogramReadlength  as png (or png for --legacy)
2026-06-09 17:44:19,510 Saved SX03219_waterbird_3_filt/Non_weightedLogTransformed_HistogramReadlength  as png (or png for --legacy)
2026-06-09 17:44:20,813 Saved SX03219_waterbird_3_filt/Yield_By_Length  as png (or png for --legacy)
2026-06-09 17:44:20,813 Created length plots
2026-06-09 17:44:20,817 NanoPlot: Creating Read lengths vs Average read quality plots using 74287 reads.
2026-06-09 17:44:22,205 Saved SX03219_waterbird_3_filt/LengthvsQualityScatterPlot_dot  as png (or png for --legacy)
2026-06-09 17:44:24,212 Saved SX03219_waterbird_3_filt/LengthvsQualityScatterPlot_kde  as png (or png for --legacy)
2026-06-09 17:44:24,213 Created LengthvsQual plot
2026-06-09 17:44:24,213 Writing html report.
2026-06-09 17:44:24,226 Finished!
