2026-06-09 17:31:49,031 NanoPlot 1.42.0 started with arguments Namespace(threads=12, verbose=False, store=False, raw=False, huge=False, outdir='SX03094_waterbird_2_filt', no_static=False, prefix='', tsv_stats=True, only_report=False, info_in_report=False, maxlength=None, minlength=None, drop_outliers=False, downsample=None, loglength=False, percentqual=False, alength=False, minqual=None, runtime_until=None, readtype='1D', barcoded=False, no_supplementary=False, color='#4CB391', colormap='Greens', format=['png'], plots=['kde', 'dot'], legacy=None, listcolors=False, listcolormaps=False, no_N50=False, N50=True, title=None, font_scale=1, dpi=100, hide_stats=False, fastq=['SX03094_waterbird_2_filt.fastq.gz'], fasta=None, fastq_rich=None, fastq_minimal=None, summary=None, bam=None, ubam=None, cram=None, pickle=None, feather=None, path='SX03094_waterbird_2_filt/')
2026-06-09 17:31:49,031 Python version is: 3.12.3 | packaged by conda-forge | (main, Apr 15 2024, 18:38:13) [GCC 12.3.0]
2026-06-09 17:31:49,044 Nanoget: Starting to collect statistics from plain fastq file.
2026-06-09 17:31:49,045 Nanoget: Decompressing gzipped fastq SX03094_waterbird_2_filt.fastq.gz
2026-06-09 17:31:50,681 Reduced DataFrame memory usage from 0.21068191528320312Mb to 0.21068191528320312Mb
2026-06-09 17:31:50,692 Nanoget: Gathered all metrics of 13799 reads
2026-06-09 17:31:50,714 Calculated statistics
2026-06-09 17:31:50,714 Using sequenced read lengths for plotting.
2026-06-09 17:31:50,716 NanoPlot:  Valid color #4CB391.
2026-06-09 17:31:50,716 NanoPlot:  Valid colormap Greens.
2026-06-09 17:31:50,717 NanoPlot:  Creating length plots for Read length.
2026-06-09 17:31:50,717 NanoPlot: Using 13799 reads with read length N50 of 1583bp and maximum of 1798bp.
2026-06-09 17:31:51,508 Saved SX03094_waterbird_2_filt/WeightedHistogramReadlength  as png (or png for --legacy)
2026-06-09 17:31:52,293 Saved SX03094_waterbird_2_filt/WeightedLogTransformed_HistogramReadlength  as png (or png for --legacy)
2026-06-09 17:31:53,061 Saved SX03094_waterbird_2_filt/Non_weightedHistogramReadlength  as png (or png for --legacy)
2026-06-09 17:31:53,842 Saved SX03094_waterbird_2_filt/Non_weightedLogTransformed_HistogramReadlength  as png (or png for --legacy)
2026-06-09 17:31:55,120 Saved SX03094_waterbird_2_filt/Yield_By_Length  as png (or png for --legacy)
2026-06-09 17:31:55,120 Created length plots
2026-06-09 17:31:55,122 NanoPlot: Creating Read lengths vs Average read quality plots using 13799 reads.
2026-06-09 17:31:56,542 Saved SX03094_waterbird_2_filt/LengthvsQualityScatterPlot_dot  as png (or png for --legacy)
2026-06-09 17:31:58,560 Saved SX03094_waterbird_2_filt/LengthvsQualityScatterPlot_kde  as png (or png for --legacy)
2026-06-09 17:31:58,561 Created LengthvsQual plot
2026-06-09 17:31:58,561 Writing html report.
2026-06-09 17:31:58,573 Finished!
