2026-06-09 17:22:06,852 NanoPlot 1.42.0 started with arguments Namespace(threads=12, verbose=False, store=False, raw=False, huge=False, outdir='ST05075_waterbird_3_filt', no_static=False, prefix='', tsv_stats=True, only_report=False, info_in_report=False, maxlength=None, minlength=None, drop_outliers=False, downsample=None, loglength=False, percentqual=False, alength=False, minqual=None, runtime_until=None, readtype='1D', barcoded=False, no_supplementary=False, color='#4CB391', colormap='Greens', format=['png'], plots=['kde', 'dot'], legacy=None, listcolors=False, listcolormaps=False, no_N50=False, N50=True, title=None, font_scale=1, dpi=100, hide_stats=False, fastq=['ST05075_waterbird_3_filt.fastq.gz'], fasta=None, fastq_rich=None, fastq_minimal=None, summary=None, bam=None, ubam=None, cram=None, pickle=None, feather=None, path='ST05075_waterbird_3_filt/')
2026-06-09 17:22:06,852 Python version is: 3.12.3 | packaged by conda-forge | (main, Apr 15 2024, 18:38:13) [GCC 12.3.0]
2026-06-09 17:22:06,864 Nanoget: Starting to collect statistics from plain fastq file.
2026-06-09 17:22:06,865 Nanoget: Decompressing gzipped fastq ST05075_waterbird_3_filt.fastq.gz
2026-06-09 17:22:16,233 Reduced DataFrame memory usage from 1.2604866027832031Mb to 1.2604866027832031Mb
2026-06-09 17:22:16,250 Nanoget: Gathered all metrics of 82599 reads
2026-06-09 17:22:16,288 Calculated statistics
2026-06-09 17:22:16,288 Using sequenced read lengths for plotting.
2026-06-09 17:22:16,292 NanoPlot:  Valid color #4CB391.
2026-06-09 17:22:16,292 NanoPlot:  Valid colormap Greens.
2026-06-09 17:22:16,295 NanoPlot:  Creating length plots for Read length.
2026-06-09 17:22:16,295 NanoPlot: Using 82599 reads with read length N50 of 1582bp and maximum of 1799bp.
2026-06-09 17:22:17,114 Saved ST05075_waterbird_3_filt/WeightedHistogramReadlength  as png (or png for --legacy)
2026-06-09 17:22:17,888 Saved ST05075_waterbird_3_filt/WeightedLogTransformed_HistogramReadlength  as png (or png for --legacy)
2026-06-09 17:22:18,675 Saved ST05075_waterbird_3_filt/Non_weightedHistogramReadlength  as png (or png for --legacy)
2026-06-09 17:22:19,453 Saved ST05075_waterbird_3_filt/Non_weightedLogTransformed_HistogramReadlength  as png (or png for --legacy)
2026-06-09 17:22:20,749 Saved ST05075_waterbird_3_filt/Yield_By_Length  as png (or png for --legacy)
2026-06-09 17:22:20,750 Created length plots
2026-06-09 17:22:20,752 NanoPlot: Creating Read lengths vs Average read quality plots using 82599 reads.
2026-06-09 17:22:22,184 Saved ST05075_waterbird_3_filt/LengthvsQualityScatterPlot_dot  as png (or png for --legacy)
2026-06-09 17:22:24,520 Saved ST05075_waterbird_3_filt/LengthvsQualityScatterPlot_kde  as png (or png for --legacy)
2026-06-09 17:22:24,521 Created LengthvsQual plot
2026-06-09 17:22:24,521 Writing html report.
2026-06-09 17:22:24,533 Finished!
