2026-06-09 17:33:44,306 NanoPlot 1.42.0 started with arguments Namespace(threads=12, verbose=False, store=False, raw=False, huge=False, outdir='SX03098_waterbird_2_filt', no_static=False, prefix='', tsv_stats=True, only_report=False, info_in_report=False, maxlength=None, minlength=None, drop_outliers=False, downsample=None, loglength=False, percentqual=False, alength=False, minqual=None, runtime_until=None, readtype='1D', barcoded=False, no_supplementary=False, color='#4CB391', colormap='Greens', format=['png'], plots=['kde', 'dot'], legacy=None, listcolors=False, listcolormaps=False, no_N50=False, N50=True, title=None, font_scale=1, dpi=100, hide_stats=False, fastq=['SX03098_waterbird_2_filt.fastq.gz'], fasta=None, fastq_rich=None, fastq_minimal=None, summary=None, bam=None, ubam=None, cram=None, pickle=None, feather=None, path='SX03098_waterbird_2_filt/')
2026-06-09 17:33:44,306 Python version is: 3.12.3 | packaged by conda-forge | (main, Apr 15 2024, 18:38:13) [GCC 12.3.0]
2026-06-09 17:33:44,322 Nanoget: Starting to collect statistics from plain fastq file.
2026-06-09 17:33:44,323 Nanoget: Decompressing gzipped fastq SX03098_waterbird_2_filt.fastq.gz
2026-06-09 17:33:51,236 Reduced DataFrame memory usage from 0.9294013977050781Mb to 0.9294013977050781Mb
2026-06-09 17:33:51,250 Nanoget: Gathered all metrics of 60901 reads
2026-06-09 17:33:51,285 Calculated statistics
2026-06-09 17:33:51,285 Using sequenced read lengths for plotting.
2026-06-09 17:33:51,288 NanoPlot:  Valid color #4CB391.
2026-06-09 17:33:51,288 NanoPlot:  Valid colormap Greens.
2026-06-09 17:33:51,291 NanoPlot:  Creating length plots for Read length.
2026-06-09 17:33:51,291 NanoPlot: Using 60901 reads with read length N50 of 1547bp and maximum of 1800bp.
2026-06-09 17:33:52,127 Saved SX03098_waterbird_2_filt/WeightedHistogramReadlength  as png (or png for --legacy)
2026-06-09 17:33:52,904 Saved SX03098_waterbird_2_filt/WeightedLogTransformed_HistogramReadlength  as png (or png for --legacy)
2026-06-09 17:33:53,688 Saved SX03098_waterbird_2_filt/Non_weightedHistogramReadlength  as png (or png for --legacy)
2026-06-09 17:33:54,455 Saved SX03098_waterbird_2_filt/Non_weightedLogTransformed_HistogramReadlength  as png (or png for --legacy)
2026-06-09 17:33:55,741 Saved SX03098_waterbird_2_filt/Yield_By_Length  as png (or png for --legacy)
2026-06-09 17:33:55,741 Created length plots
2026-06-09 17:33:55,744 NanoPlot: Creating Read lengths vs Average read quality plots using 60901 reads.
2026-06-09 17:33:57,157 Saved SX03098_waterbird_2_filt/LengthvsQualityScatterPlot_dot  as png (or png for --legacy)
2026-06-09 17:33:59,203 Saved SX03098_waterbird_2_filt/LengthvsQualityScatterPlot_kde  as png (or png for --legacy)
2026-06-09 17:33:59,204 Created LengthvsQual plot
2026-06-09 17:33:59,204 Writing html report.
2026-06-09 17:33:59,211 Finished!
