2026-06-09 16:59:27,248 NanoPlot 1.42.0 started with arguments Namespace(threads=12, verbose=False, store=False, raw=False, huge=False, outdir='ST05018_waterbird_1_raw', no_static=False, prefix='', tsv_stats=True, only_report=False, info_in_report=False, maxlength=None, minlength=None, drop_outliers=False, downsample=None, loglength=False, percentqual=False, alength=False, minqual=None, runtime_until=None, readtype='1D', barcoded=False, no_supplementary=False, color='#4CB391', colormap='Greens', format=['png'], plots=['kde', 'dot'], legacy=None, listcolors=False, listcolormaps=False, no_N50=False, N50=True, title=None, font_scale=1, dpi=100, hide_stats=False, fastq=['ST05018_waterbird_1.fastq.gz'], fasta=None, fastq_rich=None, fastq_minimal=None, summary=None, bam=None, ubam=None, cram=None, pickle=None, feather=None, path='ST05018_waterbird_1_raw/')
2026-06-09 16:59:27,248 Python version is: 3.12.3 | packaged by conda-forge | (main, Apr 15 2024, 18:38:13) [GCC 12.3.0]
2026-06-09 16:59:27,260 Nanoget: Starting to collect statistics from plain fastq file.
2026-06-09 16:59:27,260 Nanoget: Decompressing gzipped fastq ST05018_waterbird_1.fastq.gz
2026-06-09 16:59:37,144 Reduced DataFrame memory usage from 1.3692665100097656Mb to 1.3692665100097656Mb
2026-06-09 16:59:37,161 Nanoget: Gathered all metrics of 89728 reads
2026-06-09 16:59:37,200 Calculated statistics
2026-06-09 16:59:37,200 Using sequenced read lengths for plotting.
2026-06-09 16:59:37,204 NanoPlot:  Valid color #4CB391.
2026-06-09 16:59:37,204 NanoPlot:  Valid colormap Greens.
2026-06-09 16:59:37,207 NanoPlot:  Creating length plots for Read length.
2026-06-09 16:59:37,207 NanoPlot: Using 89728 reads with read length N50 of 1577bp and maximum of 20542bp.
2026-06-09 16:59:38,000 Saved ST05018_waterbird_1_raw/WeightedHistogramReadlength  as png (or png for --legacy)
2026-06-09 16:59:38,807 Saved ST05018_waterbird_1_raw/WeightedLogTransformed_HistogramReadlength  as png (or png for --legacy)
2026-06-09 16:59:39,587 Saved ST05018_waterbird_1_raw/Non_weightedHistogramReadlength  as png (or png for --legacy)
2026-06-09 16:59:40,381 Saved ST05018_waterbird_1_raw/Non_weightedLogTransformed_HistogramReadlength  as png (or png for --legacy)
2026-06-09 16:59:41,682 Saved ST05018_waterbird_1_raw/Yield_By_Length  as png (or png for --legacy)
2026-06-09 16:59:41,682 Created length plots
2026-06-09 16:59:41,686 NanoPlot: Creating Read lengths vs Average read quality plots using 89728 reads.
2026-06-09 16:59:43,115 Saved ST05018_waterbird_1_raw/LengthvsQualityScatterPlot_dot  as png (or png for --legacy)
2026-06-09 16:59:45,151 Saved ST05018_waterbird_1_raw/LengthvsQualityScatterPlot_kde  as png (or png for --legacy)
2026-06-09 16:59:45,151 Created LengthvsQual plot
2026-06-09 16:59:45,151 Writing html report.
2026-06-09 16:59:45,165 Finished!
