2026-06-09 17:43:25,479 NanoPlot 1.42.0 started with arguments Namespace(threads=12, verbose=False, store=False, raw=False, huge=False, outdir='SX03218_waterbird_2_filt', no_static=False, prefix='', tsv_stats=True, only_report=False, info_in_report=False, maxlength=None, minlength=None, drop_outliers=False, downsample=None, loglength=False, percentqual=False, alength=False, minqual=None, runtime_until=None, readtype='1D', barcoded=False, no_supplementary=False, color='#4CB391', colormap='Greens', format=['png'], plots=['kde', 'dot'], legacy=None, listcolors=False, listcolormaps=False, no_N50=False, N50=True, title=None, font_scale=1, dpi=100, hide_stats=False, fastq=['SX03218_waterbird_2_filt.fastq.gz'], fasta=None, fastq_rich=None, fastq_minimal=None, summary=None, bam=None, ubam=None, cram=None, pickle=None, feather=None, path='SX03218_waterbird_2_filt/')
2026-06-09 17:43:25,479 Python version is: 3.12.3 | packaged by conda-forge | (main, Apr 15 2024, 18:38:13) [GCC 12.3.0]
2026-06-09 17:43:25,491 Nanoget: Starting to collect statistics from plain fastq file.
2026-06-09 17:43:25,492 Nanoget: Decompressing gzipped fastq SX03218_waterbird_2_filt.fastq.gz
2026-06-09 17:43:25,518 Reduced DataFrame memory usage from 0.000217437744140625Mb to 0.000217437744140625Mb
2026-06-09 17:43:25,526 Nanoget: Gathered all metrics of 6 reads
2026-06-09 17:43:25,541 Calculated statistics
2026-06-09 17:43:25,542 Using sequenced read lengths for plotting.
2026-06-09 17:43:25,543 NanoPlot:  Valid color #4CB391.
2026-06-09 17:43:25,544 NanoPlot:  Valid colormap Greens.
2026-06-09 17:43:25,544 NanoPlot:  Creating length plots for Read length.
2026-06-09 17:43:25,544 NanoPlot: Using 6 reads with read length N50 of 1636bp and maximum of 1672bp.
2026-06-09 17:43:26,329 Saved SX03218_waterbird_2_filt/WeightedHistogramReadlength  as png (or png for --legacy)
2026-06-09 17:43:27,101 Saved SX03218_waterbird_2_filt/WeightedLogTransformed_HistogramReadlength  as png (or png for --legacy)
2026-06-09 17:43:27,862 Saved SX03218_waterbird_2_filt/Non_weightedHistogramReadlength  as png (or png for --legacy)
2026-06-09 17:43:28,646 Saved SX03218_waterbird_2_filt/Non_weightedLogTransformed_HistogramReadlength  as png (or png for --legacy)
2026-06-09 17:43:29,547 Saved SX03218_waterbird_2_filt/Yield_By_Length  as png (or png for --legacy)
2026-06-09 17:43:29,547 Created length plots
2026-06-09 17:43:29,549 NanoPlot: Creating Read lengths vs Average read quality plots using 6 reads.
2026-06-09 17:43:30,402 Saved SX03218_waterbird_2_filt/LengthvsQualityScatterPlot_dot  as png (or png for --legacy)
2026-06-09 17:43:31,212 Saved SX03218_waterbird_2_filt/LengthvsQualityScatterPlot_kde  as png (or png for --legacy)
2026-06-09 17:43:31,213 Created LengthvsQual plot
2026-06-09 17:43:31,213 Writing html report.
2026-06-09 17:43:31,219 Finished!
