2026-06-09 17:22:25,663 NanoPlot 1.42.0 started with arguments Namespace(threads=12, verbose=False, store=False, raw=False, huge=False, outdir='ST05076_waterbird_3_raw', no_static=False, prefix='', tsv_stats=True, only_report=False, info_in_report=False, maxlength=None, minlength=None, drop_outliers=False, downsample=None, loglength=False, percentqual=False, alength=False, minqual=None, runtime_until=None, readtype='1D', barcoded=False, no_supplementary=False, color='#4CB391', colormap='Greens', format=['png'], plots=['kde', 'dot'], legacy=None, listcolors=False, listcolormaps=False, no_N50=False, N50=True, title=None, font_scale=1, dpi=100, hide_stats=False, fastq=['ST05076_waterbird_3.fastq.gz'], fasta=None, fastq_rich=None, fastq_minimal=None, summary=None, bam=None, ubam=None, cram=None, pickle=None, feather=None, path='ST05076_waterbird_3_raw/')
2026-06-09 17:22:25,663 Python version is: 3.12.3 | packaged by conda-forge | (main, Apr 15 2024, 18:38:13) [GCC 12.3.0]
2026-06-09 17:22:25,675 Nanoget: Starting to collect statistics from plain fastq file.
2026-06-09 17:22:25,676 Nanoget: Decompressing gzipped fastq ST05076_waterbird_3.fastq.gz
2026-06-09 17:22:25,708 Reduced DataFrame memory usage from 0.001316070556640625Mb to 0.001316070556640625Mb
2026-06-09 17:22:25,716 Nanoget: Gathered all metrics of 78 reads
2026-06-09 17:22:25,733 Calculated statistics
2026-06-09 17:22:25,734 Using sequenced read lengths for plotting.
2026-06-09 17:22:25,735 NanoPlot:  Valid color #4CB391.
2026-06-09 17:22:25,735 NanoPlot:  Valid colormap Greens.
2026-06-09 17:22:25,736 NanoPlot:  Creating length plots for Read length.
2026-06-09 17:22:25,736 NanoPlot: Using 78 reads with read length N50 of 1569bp and maximum of 1721bp.
2026-06-09 17:22:26,526 Saved ST05076_waterbird_3_raw/WeightedHistogramReadlength  as png (or png for --legacy)
2026-06-09 17:22:27,302 Saved ST05076_waterbird_3_raw/WeightedLogTransformed_HistogramReadlength  as png (or png for --legacy)
2026-06-09 17:22:28,084 Saved ST05076_waterbird_3_raw/Non_weightedHistogramReadlength  as png (or png for --legacy)
2026-06-09 17:22:28,863 Saved ST05076_waterbird_3_raw/Non_weightedLogTransformed_HistogramReadlength  as png (or png for --legacy)
2026-06-09 17:22:29,780 Saved ST05076_waterbird_3_raw/Yield_By_Length  as png (or png for --legacy)
2026-06-09 17:22:29,781 Created length plots
2026-06-09 17:22:29,782 NanoPlot: Creating Read lengths vs Average read quality plots using 78 reads.
2026-06-09 17:22:30,659 Saved ST05076_waterbird_3_raw/LengthvsQualityScatterPlot_dot  as png (or png for --legacy)
2026-06-09 17:22:31,480 Saved ST05076_waterbird_3_raw/LengthvsQualityScatterPlot_kde  as png (or png for --legacy)
2026-06-09 17:22:31,480 Created LengthvsQual plot
2026-06-09 17:22:31,481 Writing html report.
2026-06-09 17:22:31,484 Finished!
