2026-06-09 17:34:09,816 NanoPlot 1.42.0 started with arguments Namespace(threads=12, verbose=False, store=False, raw=False, huge=False, outdir='SX03099_waterbird_2_filt', no_static=False, prefix='', tsv_stats=True, only_report=False, info_in_report=False, maxlength=None, minlength=None, drop_outliers=False, downsample=None, loglength=False, percentqual=False, alength=False, minqual=None, runtime_until=None, readtype='1D', barcoded=False, no_supplementary=False, color='#4CB391', colormap='Greens', format=['png'], plots=['kde', 'dot'], legacy=None, listcolors=False, listcolormaps=False, no_N50=False, N50=True, title=None, font_scale=1, dpi=100, hide_stats=False, fastq=['SX03099_waterbird_2_filt.fastq.gz'], fasta=None, fastq_rich=None, fastq_minimal=None, summary=None, bam=None, ubam=None, cram=None, pickle=None, feather=None, path='SX03099_waterbird_2_filt/')
2026-06-09 17:34:09,816 Python version is: 3.12.3 | packaged by conda-forge | (main, Apr 15 2024, 18:38:13) [GCC 12.3.0]
2026-06-09 17:34:09,834 Nanoget: Starting to collect statistics from plain fastq file.
2026-06-09 17:34:09,835 Nanoget: Decompressing gzipped fastq SX03099_waterbird_2_filt.fastq.gz
2026-06-09 17:34:10,077 Reduced DataFrame memory usage from 0.029010772705078125Mb to 0.029010772705078125Mb
2026-06-09 17:34:10,087 Nanoget: Gathered all metrics of 1893 reads
2026-06-09 17:34:10,107 Calculated statistics
2026-06-09 17:34:10,108 Using sequenced read lengths for plotting.
2026-06-09 17:34:10,109 NanoPlot:  Valid color #4CB391.
2026-06-09 17:34:10,109 NanoPlot:  Valid colormap Greens.
2026-06-09 17:34:10,110 NanoPlot:  Creating length plots for Read length.
2026-06-09 17:34:10,110 NanoPlot: Using 1893 reads with read length N50 of 1584bp and maximum of 1795bp.
2026-06-09 17:34:10,896 Saved SX03099_waterbird_2_filt/WeightedHistogramReadlength  as png (or png for --legacy)
2026-06-09 17:34:11,689 Saved SX03099_waterbird_2_filt/WeightedLogTransformed_HistogramReadlength  as png (or png for --legacy)
2026-06-09 17:34:12,476 Saved SX03099_waterbird_2_filt/Non_weightedHistogramReadlength  as png (or png for --legacy)
2026-06-09 17:34:13,254 Saved SX03099_waterbird_2_filt/Non_weightedLogTransformed_HistogramReadlength  as png (or png for --legacy)
2026-06-09 17:34:14,465 Saved SX03099_waterbird_2_filt/Yield_By_Length  as png (or png for --legacy)
2026-06-09 17:34:14,466 Created length plots
2026-06-09 17:34:14,467 NanoPlot: Creating Read lengths vs Average read quality plots using 1893 reads.
2026-06-09 17:34:15,681 Saved SX03099_waterbird_2_filt/LengthvsQualityScatterPlot_dot  as png (or png for --legacy)
2026-06-09 17:34:16,778 Saved SX03099_waterbird_2_filt/LengthvsQualityScatterPlot_kde  as png (or png for --legacy)
2026-06-09 17:34:16,778 Created LengthvsQual plot
2026-06-09 17:34:16,779 Writing html report.
2026-06-09 17:34:16,787 Finished!
