2026-06-09 17:34:17,990 NanoPlot 1.42.0 started with arguments Namespace(threads=12, verbose=False, store=False, raw=False, huge=False, outdir='SX03201_waterbird_2_raw', no_static=False, prefix='', tsv_stats=True, only_report=False, info_in_report=False, maxlength=None, minlength=None, drop_outliers=False, downsample=None, loglength=False, percentqual=False, alength=False, minqual=None, runtime_until=None, readtype='1D', barcoded=False, no_supplementary=False, color='#4CB391', colormap='Greens', format=['png'], plots=['kde', 'dot'], legacy=None, listcolors=False, listcolormaps=False, no_N50=False, N50=True, title=None, font_scale=1, dpi=100, hide_stats=False, fastq=['SX03201_waterbird_2.fastq.gz'], fasta=None, fastq_rich=None, fastq_minimal=None, summary=None, bam=None, ubam=None, cram=None, pickle=None, feather=None, path='SX03201_waterbird_2_raw/')
2026-06-09 17:34:17,990 Python version is: 3.12.3 | packaged by conda-forge | (main, Apr 15 2024, 18:38:13) [GCC 12.3.0]
2026-06-09 17:34:18,005 Nanoget: Starting to collect statistics from plain fastq file.
2026-06-09 17:34:18,005 Nanoget: Decompressing gzipped fastq SX03201_waterbird_2.fastq.gz
2026-06-09 17:34:36,332 Reduced DataFrame memory usage from 2.416980743408203Mb to 2.416980743408203Mb
2026-06-09 17:34:36,360 Nanoget: Gathered all metrics of 158391 reads
2026-06-09 17:34:36,421 Calculated statistics
2026-06-09 17:34:36,421 Using sequenced read lengths for plotting.
2026-06-09 17:34:36,427 NanoPlot:  Valid color #4CB391.
2026-06-09 17:34:36,428 NanoPlot:  Valid colormap Greens.
2026-06-09 17:34:36,433 NanoPlot:  Creating length plots for Read length.
2026-06-09 17:34:36,434 NanoPlot: Using 158391 reads with read length N50 of 1617bp and maximum of 16012bp.
2026-06-09 17:34:37,244 Saved SX03201_waterbird_2_raw/WeightedHistogramReadlength  as png (or png for --legacy)
2026-06-09 17:34:38,040 Saved SX03201_waterbird_2_raw/WeightedLogTransformed_HistogramReadlength  as png (or png for --legacy)
2026-06-09 17:34:38,818 Saved SX03201_waterbird_2_raw/Non_weightedHistogramReadlength  as png (or png for --legacy)
2026-06-09 17:34:39,636 Saved SX03201_waterbird_2_raw/Non_weightedLogTransformed_HistogramReadlength  as png (or png for --legacy)
2026-06-09 17:34:40,934 Saved SX03201_waterbird_2_raw/Yield_By_Length  as png (or png for --legacy)
2026-06-09 17:34:40,934 Created length plots
2026-06-09 17:34:40,940 NanoPlot: Creating Read lengths vs Average read quality plots using 158391 reads.
2026-06-09 17:34:42,361 Saved SX03201_waterbird_2_raw/LengthvsQualityScatterPlot_dot  as png (or png for --legacy)
2026-06-09 17:34:44,389 Saved SX03201_waterbird_2_raw/LengthvsQualityScatterPlot_kde  as png (or png for --legacy)
2026-06-09 17:34:44,389 Created LengthvsQual plot
2026-06-09 17:34:44,389 Writing html report.
2026-06-09 17:34:44,402 Finished!
