2026-06-09 17:26:29,950 NanoPlot 1.42.0 started with arguments Namespace(threads=12, verbose=False, store=False, raw=False, huge=False, outdir='ST05320_waterbird_2_filt', no_static=False, prefix='', tsv_stats=True, only_report=False, info_in_report=False, maxlength=None, minlength=None, drop_outliers=False, downsample=None, loglength=False, percentqual=False, alength=False, minqual=None, runtime_until=None, readtype='1D', barcoded=False, no_supplementary=False, color='#4CB391', colormap='Greens', format=['png'], plots=['kde', 'dot'], legacy=None, listcolors=False, listcolormaps=False, no_N50=False, N50=True, title=None, font_scale=1, dpi=100, hide_stats=False, fastq=['ST05320_waterbird_2_filt.fastq.gz'], fasta=None, fastq_rich=None, fastq_minimal=None, summary=None, bam=None, ubam=None, cram=None, pickle=None, feather=None, path='ST05320_waterbird_2_filt/')
2026-06-09 17:26:29,950 Python version is: 3.12.3 | packaged by conda-forge | (main, Apr 15 2024, 18:38:13) [GCC 12.3.0]
2026-06-09 17:26:29,961 Nanoget: Starting to collect statistics from plain fastq file.
2026-06-09 17:26:29,962 Nanoget: Decompressing gzipped fastq ST05320_waterbird_2_filt.fastq.gz
2026-06-09 17:26:35,914 Reduced DataFrame memory usage from 0.7754402160644531Mb to 0.7754402160644531Mb
2026-06-09 17:26:35,926 Nanoget: Gathered all metrics of 50811 reads
2026-06-09 17:26:35,957 Calculated statistics
2026-06-09 17:26:35,957 Using sequenced read lengths for plotting.
2026-06-09 17:26:35,960 NanoPlot:  Valid color #4CB391.
2026-06-09 17:26:35,960 NanoPlot:  Valid colormap Greens.
2026-06-09 17:26:35,962 NanoPlot:  Creating length plots for Read length.
2026-06-09 17:26:35,962 NanoPlot: Using 50811 reads with read length N50 of 1582bp and maximum of 1797bp.
2026-06-09 17:26:36,747 Saved ST05320_waterbird_2_filt/WeightedHistogramReadlength  as png (or png for --legacy)
2026-06-09 17:26:37,527 Saved ST05320_waterbird_2_filt/WeightedLogTransformed_HistogramReadlength  as png (or png for --legacy)
2026-06-09 17:26:38,315 Saved ST05320_waterbird_2_filt/Non_weightedHistogramReadlength  as png (or png for --legacy)
2026-06-09 17:26:39,088 Saved ST05320_waterbird_2_filt/Non_weightedLogTransformed_HistogramReadlength  as png (or png for --legacy)
2026-06-09 17:26:40,357 Saved ST05320_waterbird_2_filt/Yield_By_Length  as png (or png for --legacy)
2026-06-09 17:26:40,357 Created length plots
2026-06-09 17:26:40,360 NanoPlot: Creating Read lengths vs Average read quality plots using 50811 reads.
2026-06-09 17:26:41,774 Saved ST05320_waterbird_2_filt/LengthvsQualityScatterPlot_dot  as png (or png for --legacy)
2026-06-09 17:26:44,102 Saved ST05320_waterbird_2_filt/LengthvsQualityScatterPlot_kde  as png (or png for --legacy)
2026-06-09 17:26:44,103 Created LengthvsQual plot
2026-06-09 17:26:44,103 Writing html report.
2026-06-09 17:26:44,115 Finished!
