2026-06-09 17:23:45,780 NanoPlot 1.42.0 started with arguments Namespace(threads=12, verbose=False, store=False, raw=False, huge=False, outdir='ST05318_waterbird_2_raw', no_static=False, prefix='', tsv_stats=True, only_report=False, info_in_report=False, maxlength=None, minlength=None, drop_outliers=False, downsample=None, loglength=False, percentqual=False, alength=False, minqual=None, runtime_until=None, readtype='1D', barcoded=False, no_supplementary=False, color='#4CB391', colormap='Greens', format=['png'], plots=['kde', 'dot'], legacy=None, listcolors=False, listcolormaps=False, no_N50=False, N50=True, title=None, font_scale=1, dpi=100, hide_stats=False, fastq=['ST05318_waterbird_2.fastq.gz'], fasta=None, fastq_rich=None, fastq_minimal=None, summary=None, bam=None, ubam=None, cram=None, pickle=None, feather=None, path='ST05318_waterbird_2_raw/')
2026-06-09 17:23:45,780 Python version is: 3.12.3 | packaged by conda-forge | (main, Apr 15 2024, 18:38:13) [GCC 12.3.0]
2026-06-09 17:23:45,792 Nanoget: Starting to collect statistics from plain fastq file.
2026-06-09 17:23:45,793 Nanoget: Decompressing gzipped fastq ST05318_waterbird_2.fastq.gz
2026-06-09 17:23:56,328 Reduced DataFrame memory usage from 1.4327125549316406Mb to 1.4327125549316406Mb
2026-06-09 17:23:56,345 Nanoget: Gathered all metrics of 93886 reads
2026-06-09 17:23:56,385 Calculated statistics
2026-06-09 17:23:56,386 Using sequenced read lengths for plotting.
2026-06-09 17:23:56,390 NanoPlot:  Valid color #4CB391.
2026-06-09 17:23:56,390 NanoPlot:  Valid colormap Greens.
2026-06-09 17:23:56,393 NanoPlot:  Creating length plots for Read length.
2026-06-09 17:23:56,393 NanoPlot: Using 93886 reads with read length N50 of 1614bp and maximum of 5364bp.
2026-06-09 17:23:57,206 Saved ST05318_waterbird_2_raw/WeightedHistogramReadlength  as png (or png for --legacy)
2026-06-09 17:23:57,992 Saved ST05318_waterbird_2_raw/WeightedLogTransformed_HistogramReadlength  as png (or png for --legacy)
2026-06-09 17:23:58,771 Saved ST05318_waterbird_2_raw/Non_weightedHistogramReadlength  as png (or png for --legacy)
2026-06-09 17:23:59,551 Saved ST05318_waterbird_2_raw/Non_weightedLogTransformed_HistogramReadlength  as png (or png for --legacy)
2026-06-09 17:24:00,838 Saved ST05318_waterbird_2_raw/Yield_By_Length  as png (or png for --legacy)
2026-06-09 17:24:00,838 Created length plots
2026-06-09 17:24:00,842 NanoPlot: Creating Read lengths vs Average read quality plots using 93886 reads.
2026-06-09 17:24:02,246 Saved ST05318_waterbird_2_raw/LengthvsQualityScatterPlot_dot  as png (or png for --legacy)
2026-06-09 17:24:04,253 Saved ST05318_waterbird_2_raw/LengthvsQualityScatterPlot_kde  as png (or png for --legacy)
2026-06-09 17:24:04,253 Created LengthvsQual plot
2026-06-09 17:24:04,254 Writing html report.
2026-06-09 17:24:04,265 Finished!
