2026-06-09 17:06:29,342 NanoPlot 1.42.0 started with arguments Namespace(threads=12, verbose=False, store=False, raw=False, huge=False, outdir='ST05026_waterbird_1_raw', no_static=False, prefix='', tsv_stats=True, only_report=False, info_in_report=False, maxlength=None, minlength=None, drop_outliers=False, downsample=None, loglength=False, percentqual=False, alength=False, minqual=None, runtime_until=None, readtype='1D', barcoded=False, no_supplementary=False, color='#4CB391', colormap='Greens', format=['png'], plots=['kde', 'dot'], legacy=None, listcolors=False, listcolormaps=False, no_N50=False, N50=True, title=None, font_scale=1, dpi=100, hide_stats=False, fastq=['ST05026_waterbird_1.fastq.gz'], fasta=None, fastq_rich=None, fastq_minimal=None, summary=None, bam=None, ubam=None, cram=None, pickle=None, feather=None, path='ST05026_waterbird_1_raw/')
2026-06-09 17:06:29,342 Python version is: 3.12.3 | packaged by conda-forge | (main, Apr 15 2024, 18:38:13) [GCC 12.3.0]
2026-06-09 17:06:29,355 Nanoget: Starting to collect statistics from plain fastq file.
2026-06-09 17:06:29,356 Nanoget: Decompressing gzipped fastq ST05026_waterbird_1.fastq.gz
2026-06-09 17:06:35,632 Reduced DataFrame memory usage from 0.8155097961425781Mb to 0.8155097961425781Mb
2026-06-09 17:06:35,653 Nanoget: Gathered all metrics of 53437 reads
2026-06-09 17:06:35,685 Calculated statistics
2026-06-09 17:06:35,685 Using sequenced read lengths for plotting.
2026-06-09 17:06:35,688 NanoPlot:  Valid color #4CB391.
2026-06-09 17:06:35,688 NanoPlot:  Valid colormap Greens.
2026-06-09 17:06:35,690 NanoPlot:  Creating length plots for Read length.
2026-06-09 17:06:35,690 NanoPlot: Using 53437 reads with read length N50 of 1574bp and maximum of 4634bp.
2026-06-09 17:06:36,564 Saved ST05026_waterbird_1_raw/WeightedHistogramReadlength  as png (or png for --legacy)
2026-06-09 17:06:37,362 Saved ST05026_waterbird_1_raw/WeightedLogTransformed_HistogramReadlength  as png (or png for --legacy)
2026-06-09 17:06:38,142 Saved ST05026_waterbird_1_raw/Non_weightedHistogramReadlength  as png (or png for --legacy)
2026-06-09 17:06:38,937 Saved ST05026_waterbird_1_raw/Non_weightedLogTransformed_HistogramReadlength  as png (or png for --legacy)
2026-06-09 17:06:40,239 Saved ST05026_waterbird_1_raw/Yield_By_Length  as png (or png for --legacy)
2026-06-09 17:06:40,239 Created length plots
2026-06-09 17:06:40,244 NanoPlot: Creating Read lengths vs Average read quality plots using 53437 reads.
2026-06-09 17:06:41,663 Saved ST05026_waterbird_1_raw/LengthvsQualityScatterPlot_dot  as png (or png for --legacy)
2026-06-09 17:06:43,724 Saved ST05026_waterbird_1_raw/LengthvsQualityScatterPlot_kde  as png (or png for --legacy)
2026-06-09 17:06:43,725 Created LengthvsQual plot
2026-06-09 17:06:43,725 Writing html report.
2026-06-09 17:06:43,739 Finished!
