2026-06-09 17:38:07,400 NanoPlot 1.42.0 started with arguments Namespace(threads=12, verbose=False, store=False, raw=False, huge=False, outdir='SX03212_waterbird_2_filt', no_static=False, prefix='', tsv_stats=True, only_report=False, info_in_report=False, maxlength=None, minlength=None, drop_outliers=False, downsample=None, loglength=False, percentqual=False, alength=False, minqual=None, runtime_until=None, readtype='1D', barcoded=False, no_supplementary=False, color='#4CB391', colormap='Greens', format=['png'], plots=['kde', 'dot'], legacy=None, listcolors=False, listcolormaps=False, no_N50=False, N50=True, title=None, font_scale=1, dpi=100, hide_stats=False, fastq=['SX03212_waterbird_2_filt.fastq.gz'], fasta=None, fastq_rich=None, fastq_minimal=None, summary=None, bam=None, ubam=None, cram=None, pickle=None, feather=None, path='SX03212_waterbird_2_filt/')
2026-06-09 17:38:07,400 Python version is: 3.12.3 | packaged by conda-forge | (main, Apr 15 2024, 18:38:13) [GCC 12.3.0]
2026-06-09 17:38:07,417 Nanoget: Starting to collect statistics from plain fastq file.
2026-06-09 17:38:07,418 Nanoget: Decompressing gzipped fastq SX03212_waterbird_2_filt.fastq.gz
2026-06-09 17:38:13,938 Reduced DataFrame memory usage from 0.8669929504394531Mb to 0.8669929504394531Mb
2026-06-09 17:38:13,951 Nanoget: Gathered all metrics of 56811 reads
2026-06-09 17:38:13,983 Calculated statistics
2026-06-09 17:38:13,983 Using sequenced read lengths for plotting.
2026-06-09 17:38:13,986 NanoPlot:  Valid color #4CB391.
2026-06-09 17:38:13,986 NanoPlot:  Valid colormap Greens.
2026-06-09 17:38:13,989 NanoPlot:  Creating length plots for Read length.
2026-06-09 17:38:13,989 NanoPlot: Using 56811 reads with read length N50 of 1568bp and maximum of 1798bp.
2026-06-09 17:38:14,796 Saved SX03212_waterbird_2_filt/WeightedHistogramReadlength  as png (or png for --legacy)
2026-06-09 17:38:15,592 Saved SX03212_waterbird_2_filt/WeightedLogTransformed_HistogramReadlength  as png (or png for --legacy)
2026-06-09 17:38:16,377 Saved SX03212_waterbird_2_filt/Non_weightedHistogramReadlength  as png (or png for --legacy)
2026-06-09 17:38:17,170 Saved SX03212_waterbird_2_filt/Non_weightedLogTransformed_HistogramReadlength  as png (or png for --legacy)
2026-06-09 17:38:18,457 Saved SX03212_waterbird_2_filt/Yield_By_Length  as png (or png for --legacy)
2026-06-09 17:38:18,458 Created length plots
2026-06-09 17:38:18,461 NanoPlot: Creating Read lengths vs Average read quality plots using 56811 reads.
2026-06-09 17:38:19,850 Saved SX03212_waterbird_2_filt/LengthvsQualityScatterPlot_dot  as png (or png for --legacy)
2026-06-09 17:38:22,188 Saved SX03212_waterbird_2_filt/LengthvsQualityScatterPlot_kde  as png (or png for --legacy)
2026-06-09 17:38:22,188 Created LengthvsQual plot
2026-06-09 17:38:22,189 Writing html report.
2026-06-09 17:38:22,200 Finished!
