2026-06-09 17:36:53,032 NanoPlot 1.42.0 started with arguments Namespace(threads=12, verbose=False, store=False, raw=False, huge=False, outdir='SX03207_waterbird_2_filt', no_static=False, prefix='', tsv_stats=True, only_report=False, info_in_report=False, maxlength=None, minlength=None, drop_outliers=False, downsample=None, loglength=False, percentqual=False, alength=False, minqual=None, runtime_until=None, readtype='1D', barcoded=False, no_supplementary=False, color='#4CB391', colormap='Greens', format=['png'], plots=['kde', 'dot'], legacy=None, listcolors=False, listcolormaps=False, no_N50=False, N50=True, title=None, font_scale=1, dpi=100, hide_stats=False, fastq=['SX03207_waterbird_2_filt.fastq.gz'], fasta=None, fastq_rich=None, fastq_minimal=None, summary=None, bam=None, ubam=None, cram=None, pickle=None, feather=None, path='SX03207_waterbird_2_filt/')
2026-06-09 17:36:53,032 Python version is: 3.12.3 | packaged by conda-forge | (main, Apr 15 2024, 18:38:13) [GCC 12.3.0]
2026-06-09 17:36:53,049 Nanoget: Starting to collect statistics from plain fastq file.
2026-06-09 17:36:53,049 Nanoget: Decompressing gzipped fastq SX03207_waterbird_2_filt.fastq.gz
2026-06-09 17:37:12,416 Reduced DataFrame memory usage from 2.5256690979003906Mb to 2.5256690979003906Mb
2026-06-09 17:37:12,441 Nanoget: Gathered all metrics of 165514 reads
2026-06-09 17:37:12,509 Calculated statistics
2026-06-09 17:37:12,511 Using sequenced read lengths for plotting.
2026-06-09 17:37:12,517 NanoPlot:  Valid color #4CB391.
2026-06-09 17:37:12,517 NanoPlot:  Valid colormap Greens.
2026-06-09 17:37:12,524 NanoPlot:  Creating length plots for Read length.
2026-06-09 17:37:12,524 NanoPlot: Using 165514 reads with read length N50 of 1602bp and maximum of 1800bp.
2026-06-09 17:37:13,322 Saved SX03207_waterbird_2_filt/WeightedHistogramReadlength  as png (or png for --legacy)
2026-06-09 17:37:14,110 Saved SX03207_waterbird_2_filt/WeightedLogTransformed_HistogramReadlength  as png (or png for --legacy)
2026-06-09 17:37:14,883 Saved SX03207_waterbird_2_filt/Non_weightedHistogramReadlength  as png (or png for --legacy)
2026-06-09 17:37:15,674 Saved SX03207_waterbird_2_filt/Non_weightedLogTransformed_HistogramReadlength  as png (or png for --legacy)
2026-06-09 17:37:16,980 Saved SX03207_waterbird_2_filt/Yield_By_Length  as png (or png for --legacy)
2026-06-09 17:37:16,980 Created length plots
2026-06-09 17:37:16,984 NanoPlot: Creating Read lengths vs Average read quality plots using 165514 reads.
2026-06-09 17:37:18,435 Saved SX03207_waterbird_2_filt/LengthvsQualityScatterPlot_dot  as png (or png for --legacy)
2026-06-09 17:37:20,468 Saved SX03207_waterbird_2_filt/LengthvsQualityScatterPlot_kde  as png (or png for --legacy)
2026-06-09 17:37:20,468 Created LengthvsQual plot
2026-06-09 17:37:20,468 Writing html report.
2026-06-09 17:37:20,474 Finished!
