2026-06-09 17:22:33,162 NanoPlot 1.42.0 started with arguments Namespace(threads=12, verbose=False, store=False, raw=False, huge=False, outdir='ST05076_waterbird_3_filt', no_static=False, prefix='', tsv_stats=True, only_report=False, info_in_report=False, maxlength=None, minlength=None, drop_outliers=False, downsample=None, loglength=False, percentqual=False, alength=False, minqual=None, runtime_until=None, readtype='1D', barcoded=False, no_supplementary=False, color='#4CB391', colormap='Greens', format=['png'], plots=['kde', 'dot'], legacy=None, listcolors=False, listcolormaps=False, no_N50=False, N50=True, title=None, font_scale=1, dpi=100, hide_stats=False, fastq=['ST05076_waterbird_3_filt.fastq.gz'], fasta=None, fastq_rich=None, fastq_minimal=None, summary=None, bam=None, ubam=None, cram=None, pickle=None, feather=None, path='ST05076_waterbird_3_filt/')
2026-06-09 17:22:33,163 Python version is: 3.12.3 | packaged by conda-forge | (main, Apr 15 2024, 18:38:13) [GCC 12.3.0]
2026-06-09 17:22:33,174 Nanoget: Starting to collect statistics from plain fastq file.
2026-06-09 17:22:33,175 Nanoget: Decompressing gzipped fastq ST05076_waterbird_3_filt.fastq.gz
2026-06-09 17:22:33,205 Reduced DataFrame memory usage from 0.000736236572265625Mb to 0.000736236572265625Mb
2026-06-09 17:22:33,214 Nanoget: Gathered all metrics of 40 reads
2026-06-09 17:22:33,232 Calculated statistics
2026-06-09 17:22:33,232 Using sequenced read lengths for plotting.
2026-06-09 17:22:33,233 NanoPlot:  Valid color #4CB391.
2026-06-09 17:22:33,233 NanoPlot:  Valid colormap Greens.
2026-06-09 17:22:33,234 NanoPlot:  Creating length plots for Read length.
2026-06-09 17:22:33,234 NanoPlot: Using 40 reads with read length N50 of 1598bp and maximum of 1721bp.
2026-06-09 17:22:34,032 Saved ST05076_waterbird_3_filt/WeightedHistogramReadlength  as png (or png for --legacy)
2026-06-09 17:22:34,813 Saved ST05076_waterbird_3_filt/WeightedLogTransformed_HistogramReadlength  as png (or png for --legacy)
2026-06-09 17:22:35,605 Saved ST05076_waterbird_3_filt/Non_weightedHistogramReadlength  as png (or png for --legacy)
2026-06-09 17:22:36,389 Saved ST05076_waterbird_3_filt/Non_weightedLogTransformed_HistogramReadlength  as png (or png for --legacy)
2026-06-09 17:22:37,310 Saved ST05076_waterbird_3_filt/Yield_By_Length  as png (or png for --legacy)
2026-06-09 17:22:37,311 Created length plots
2026-06-09 17:22:37,312 NanoPlot: Creating Read lengths vs Average read quality plots using 40 reads.
2026-06-09 17:22:38,161 Saved ST05076_waterbird_3_filt/LengthvsQualityScatterPlot_dot  as png (or png for --legacy)
2026-06-09 17:22:38,983 Saved ST05076_waterbird_3_filt/LengthvsQualityScatterPlot_kde  as png (or png for --legacy)
2026-06-09 17:22:38,983 Created LengthvsQual plot
2026-06-09 17:22:38,983 Writing html report.
2026-06-09 17:22:38,988 Finished!
