2026-06-09 17:26:45,235 NanoPlot 1.42.0 started with arguments Namespace(threads=12, verbose=False, store=False, raw=False, huge=False, outdir='ST05321_waterbird_2_raw', no_static=False, prefix='', tsv_stats=True, only_report=False, info_in_report=False, maxlength=None, minlength=None, drop_outliers=False, downsample=None, loglength=False, percentqual=False, alength=False, minqual=None, runtime_until=None, readtype='1D', barcoded=False, no_supplementary=False, color='#4CB391', colormap='Greens', format=['png'], plots=['kde', 'dot'], legacy=None, listcolors=False, listcolormaps=False, no_N50=False, N50=True, title=None, font_scale=1, dpi=100, hide_stats=False, fastq=['ST05321_waterbird_2.fastq.gz'], fasta=None, fastq_rich=None, fastq_minimal=None, summary=None, bam=None, ubam=None, cram=None, pickle=None, feather=None, path='ST05321_waterbird_2_raw/')
2026-06-09 17:26:45,235 Python version is: 3.12.3 | packaged by conda-forge | (main, Apr 15 2024, 18:38:13) [GCC 12.3.0]
2026-06-09 17:26:45,247 Nanoget: Starting to collect statistics from plain fastq file.
2026-06-09 17:26:45,247 Nanoget: Decompressing gzipped fastq ST05321_waterbird_2.fastq.gz
2026-06-09 17:26:59,802 Reduced DataFrame memory usage from 1.9986152648925781Mb to 1.9986152648925781Mb
2026-06-09 17:26:59,825 Nanoget: Gathered all metrics of 130973 reads
2026-06-09 17:26:59,876 Calculated statistics
2026-06-09 17:26:59,876 Using sequenced read lengths for plotting.
2026-06-09 17:26:59,881 NanoPlot:  Valid color #4CB391.
2026-06-09 17:26:59,881 NanoPlot:  Valid colormap Greens.
2026-06-09 17:26:59,886 NanoPlot:  Creating length plots for Read length.
2026-06-09 17:26:59,886 NanoPlot: Using 130973 reads with read length N50 of 1599bp and maximum of 5372bp.
2026-06-09 17:27:00,675 Saved ST05321_waterbird_2_raw/WeightedHistogramReadlength  as png (or png for --legacy)
2026-06-09 17:27:01,462 Saved ST05321_waterbird_2_raw/WeightedLogTransformed_HistogramReadlength  as png (or png for --legacy)
2026-06-09 17:27:02,246 Saved ST05321_waterbird_2_raw/Non_weightedHistogramReadlength  as png (or png for --legacy)
2026-06-09 17:27:02,998 Saved ST05321_waterbird_2_raw/Non_weightedLogTransformed_HistogramReadlength  as png (or png for --legacy)
2026-06-09 17:27:04,285 Saved ST05321_waterbird_2_raw/Yield_By_Length  as png (or png for --legacy)
2026-06-09 17:27:04,286 Created length plots
2026-06-09 17:27:04,291 NanoPlot: Creating Read lengths vs Average read quality plots using 130973 reads.
2026-06-09 17:27:05,676 Saved ST05321_waterbird_2_raw/LengthvsQualityScatterPlot_dot  as png (or png for --legacy)
2026-06-09 17:27:07,721 Saved ST05321_waterbird_2_raw/LengthvsQualityScatterPlot_kde  as png (or png for --legacy)
2026-06-09 17:27:07,722 Created LengthvsQual plot
2026-06-09 17:27:07,722 Writing html report.
2026-06-09 17:27:07,733 Finished!
