2026-06-09 17:40:28,298 NanoPlot 1.42.0 started with arguments Namespace(threads=12, verbose=False, store=False, raw=False, huge=False, outdir='SX03217_waterbird_2_raw', no_static=False, prefix='', tsv_stats=True, only_report=False, info_in_report=False, maxlength=None, minlength=None, drop_outliers=False, downsample=None, loglength=False, percentqual=False, alength=False, minqual=None, runtime_until=None, readtype='1D', barcoded=False, no_supplementary=False, color='#4CB391', colormap='Greens', format=['png'], plots=['kde', 'dot'], legacy=None, listcolors=False, listcolormaps=False, no_N50=False, N50=True, title=None, font_scale=1, dpi=100, hide_stats=False, fastq=['SX03217_waterbird_2.fastq.gz'], fasta=None, fastq_rich=None, fastq_minimal=None, summary=None, bam=None, ubam=None, cram=None, pickle=None, feather=None, path='SX03217_waterbird_2_raw/')
2026-06-09 17:40:28,298 Python version is: 3.12.3 | packaged by conda-forge | (main, Apr 15 2024, 18:38:13) [GCC 12.3.0]
2026-06-09 17:40:28,311 Nanoget: Starting to collect statistics from plain fastq file.
2026-06-09 17:40:28,312 Nanoget: Decompressing gzipped fastq SX03217_waterbird_2.fastq.gz
2026-06-09 17:41:07,637 Reduced DataFrame memory usage from 5.225315093994141Mb to 5.225315093994141Mb
2026-06-09 17:41:07,678 Nanoget: Gathered all metrics of 342438 reads
2026-06-09 17:41:07,801 Calculated statistics
2026-06-09 17:41:07,803 Using sequenced read lengths for plotting.
2026-06-09 17:41:07,815 NanoPlot:  Valid color #4CB391.
2026-06-09 17:41:07,815 NanoPlot:  Valid colormap Greens.
2026-06-09 17:41:07,828 NanoPlot:  Creating length plots for Read length.
2026-06-09 17:41:07,828 NanoPlot: Using 342438 reads with read length N50 of 1572bp and maximum of 70523bp.
2026-06-09 17:41:08,646 Saved SX03217_waterbird_2_raw/WeightedHistogramReadlength  as png (or png for --legacy)
2026-06-09 17:41:09,457 Saved SX03217_waterbird_2_raw/WeightedLogTransformed_HistogramReadlength  as png (or png for --legacy)
2026-06-09 17:41:10,264 Saved SX03217_waterbird_2_raw/Non_weightedHistogramReadlength  as png (or png for --legacy)
2026-06-09 17:41:11,056 Saved SX03217_waterbird_2_raw/Non_weightedLogTransformed_HistogramReadlength  as png (or png for --legacy)
2026-06-09 17:41:12,360 Saved SX03217_waterbird_2_raw/Yield_By_Length  as png (or png for --legacy)
2026-06-09 17:41:12,361 Created length plots
2026-06-09 17:41:12,366 NanoPlot: Creating Read lengths vs Average read quality plots using 342438 reads.
2026-06-09 17:41:13,808 Saved SX03217_waterbird_2_raw/LengthvsQualityScatterPlot_dot  as png (or png for --legacy)
2026-06-09 17:41:15,814 Saved SX03217_waterbird_2_raw/LengthvsQualityScatterPlot_kde  as png (or png for --legacy)
2026-06-09 17:41:15,815 Created LengthvsQual plot
2026-06-09 17:41:15,815 Writing html report.
2026-06-09 17:41:15,824 Finished!
