2026-06-09 17:33:04,206 NanoPlot 1.42.0 started with arguments Namespace(threads=12, verbose=False, store=False, raw=False, huge=False, outdir='SX03096_waterbird_2_filt', no_static=False, prefix='', tsv_stats=True, only_report=False, info_in_report=False, maxlength=None, minlength=None, drop_outliers=False, downsample=None, loglength=False, percentqual=False, alength=False, minqual=None, runtime_until=None, readtype='1D', barcoded=False, no_supplementary=False, color='#4CB391', colormap='Greens', format=['png'], plots=['kde', 'dot'], legacy=None, listcolors=False, listcolormaps=False, no_N50=False, N50=True, title=None, font_scale=1, dpi=100, hide_stats=False, fastq=['SX03096_waterbird_2_filt.fastq.gz'], fasta=None, fastq_rich=None, fastq_minimal=None, summary=None, bam=None, ubam=None, cram=None, pickle=None, feather=None, path='SX03096_waterbird_2_filt/')
2026-06-09 17:33:04,207 Python version is: 3.12.3 | packaged by conda-forge | (main, Apr 15 2024, 18:38:13) [GCC 12.3.0]
2026-06-09 17:33:04,219 Nanoget: Starting to collect statistics from plain fastq file.
2026-06-09 17:33:04,220 Nanoget: Decompressing gzipped fastq SX03096_waterbird_2_filt.fastq.gz
2026-06-09 17:33:05,094 Reduced DataFrame memory usage from 0.11023330688476562Mb to 0.11023330688476562Mb
2026-06-09 17:33:05,105 Nanoget: Gathered all metrics of 7216 reads
2026-06-09 17:33:05,125 Calculated statistics
2026-06-09 17:33:05,126 Using sequenced read lengths for plotting.
2026-06-09 17:33:05,127 NanoPlot:  Valid color #4CB391.
2026-06-09 17:33:05,128 NanoPlot:  Valid colormap Greens.
2026-06-09 17:33:05,128 NanoPlot:  Creating length plots for Read length.
2026-06-09 17:33:05,128 NanoPlot: Using 7216 reads with read length N50 of 1613bp and maximum of 1796bp.
2026-06-09 17:33:05,987 Saved SX03096_waterbird_2_filt/WeightedHistogramReadlength  as png (or png for --legacy)
2026-06-09 17:33:06,739 Saved SX03096_waterbird_2_filt/WeightedLogTransformed_HistogramReadlength  as png (or png for --legacy)
2026-06-09 17:33:07,513 Saved SX03096_waterbird_2_filt/Non_weightedHistogramReadlength  as png (or png for --legacy)
2026-06-09 17:33:08,273 Saved SX03096_waterbird_2_filt/Non_weightedLogTransformed_HistogramReadlength  as png (or png for --legacy)
2026-06-09 17:33:09,546 Saved SX03096_waterbird_2_filt/Yield_By_Length  as png (or png for --legacy)
2026-06-09 17:33:09,547 Created length plots
2026-06-09 17:33:09,549 NanoPlot: Creating Read lengths vs Average read quality plots using 7216 reads.
2026-06-09 17:33:10,876 Saved SX03096_waterbird_2_filt/LengthvsQualityScatterPlot_dot  as png (or png for --legacy)
2026-06-09 17:33:12,620 Saved SX03096_waterbird_2_filt/LengthvsQualityScatterPlot_kde  as png (or png for --legacy)
2026-06-09 17:33:12,620 Created LengthvsQual plot
2026-06-09 17:33:12,620 Writing html report.
2026-06-09 17:33:12,632 Finished!
