2026-06-09 16:58:10,456 NanoPlot 1.42.0 started with arguments Namespace(threads=12, verbose=False, store=False, raw=False, huge=False, outdir='ST05016_waterbird_1_filt', no_static=False, prefix='', tsv_stats=True, only_report=False, info_in_report=False, maxlength=None, minlength=None, drop_outliers=False, downsample=None, loglength=False, percentqual=False, alength=False, minqual=None, runtime_until=None, readtype='1D', barcoded=False, no_supplementary=False, color='#4CB391', colormap='Greens', format=['png'], plots=['kde', 'dot'], legacy=None, listcolors=False, listcolormaps=False, no_N50=False, N50=True, title=None, font_scale=1, dpi=100, hide_stats=False, fastq=['ST05016_waterbird_1_filt.fastq.gz'], fasta=None, fastq_rich=None, fastq_minimal=None, summary=None, bam=None, ubam=None, cram=None, pickle=None, feather=None, path='ST05016_waterbird_1_filt/')
2026-06-09 16:58:10,456 Python version is: 3.12.3 | packaged by conda-forge | (main, Apr 15 2024, 18:38:13) [GCC 12.3.0]
2026-06-09 16:58:10,468 Nanoget: Starting to collect statistics from plain fastq file.
2026-06-09 16:58:10,468 Nanoget: Decompressing gzipped fastq ST05016_waterbird_1_filt.fastq.gz
2026-06-09 16:58:20,373 Reduced DataFrame memory usage from 1.3383674621582031Mb to 1.3383674621582031Mb
2026-06-09 16:58:20,390 Nanoget: Gathered all metrics of 87703 reads
2026-06-09 16:58:20,430 Calculated statistics
2026-06-09 16:58:20,430 Using sequenced read lengths for plotting.
2026-06-09 16:58:20,433 NanoPlot:  Valid color #4CB391.
2026-06-09 16:58:20,434 NanoPlot:  Valid colormap Greens.
2026-06-09 16:58:20,437 NanoPlot:  Creating length plots for Read length.
2026-06-09 16:58:20,437 NanoPlot: Using 87703 reads with read length N50 of 1613bp and maximum of 1798bp.
2026-06-09 16:58:21,240 Saved ST05016_waterbird_1_filt/WeightedHistogramReadlength  as png (or png for --legacy)
2026-06-09 16:58:22,025 Saved ST05016_waterbird_1_filt/WeightedLogTransformed_HistogramReadlength  as png (or png for --legacy)
2026-06-09 16:58:22,826 Saved ST05016_waterbird_1_filt/Non_weightedHistogramReadlength  as png (or png for --legacy)
2026-06-09 16:58:23,606 Saved ST05016_waterbird_1_filt/Non_weightedLogTransformed_HistogramReadlength  as png (or png for --legacy)
2026-06-09 16:58:24,905 Saved ST05016_waterbird_1_filt/Yield_By_Length  as png (or png for --legacy)
2026-06-09 16:58:24,905 Created length plots
2026-06-09 16:58:24,909 NanoPlot: Creating Read lengths vs Average read quality plots using 87703 reads.
2026-06-09 16:58:26,301 Saved ST05016_waterbird_1_filt/LengthvsQualityScatterPlot_dot  as png (or png for --legacy)
2026-06-09 16:58:28,305 Saved ST05016_waterbird_1_filt/LengthvsQualityScatterPlot_kde  as png (or png for --legacy)
2026-06-09 16:58:28,305 Created LengthvsQual plot
2026-06-09 16:58:28,306 Writing html report.
2026-06-09 16:58:28,317 Finished!
