2026-06-09 17:39:03,227 NanoPlot 1.42.0 started with arguments Namespace(threads=12, verbose=False, store=False, raw=False, huge=False, outdir='SX03215_waterbird_2_raw', no_static=False, prefix='', tsv_stats=True, only_report=False, info_in_report=False, maxlength=None, minlength=None, drop_outliers=False, downsample=None, loglength=False, percentqual=False, alength=False, minqual=None, runtime_until=None, readtype='1D', barcoded=False, no_supplementary=False, color='#4CB391', colormap='Greens', format=['png'], plots=['kde', 'dot'], legacy=None, listcolors=False, listcolormaps=False, no_N50=False, N50=True, title=None, font_scale=1, dpi=100, hide_stats=False, fastq=['SX03215_waterbird_2.fastq.gz'], fasta=None, fastq_rich=None, fastq_minimal=None, summary=None, bam=None, ubam=None, cram=None, pickle=None, feather=None, path='SX03215_waterbird_2_raw/')
2026-06-09 17:39:03,227 Python version is: 3.12.3 | packaged by conda-forge | (main, Apr 15 2024, 18:38:13) [GCC 12.3.0]
2026-06-09 17:39:03,239 Nanoget: Starting to collect statistics from plain fastq file.
2026-06-09 17:39:03,240 Nanoget: Decompressing gzipped fastq SX03215_waterbird_2.fastq.gz
2026-06-09 17:39:13,858 Reduced DataFrame memory usage from 1.4187355041503906Mb to 1.4187355041503906Mb
2026-06-09 17:39:13,876 Nanoget: Gathered all metrics of 92970 reads
2026-06-09 17:39:13,917 Calculated statistics
2026-06-09 17:39:13,918 Using sequenced read lengths for plotting.
2026-06-09 17:39:13,921 NanoPlot:  Valid color #4CB391.
2026-06-09 17:39:13,921 NanoPlot:  Valid colormap Greens.
2026-06-09 17:39:13,925 NanoPlot:  Creating length plots for Read length.
2026-06-09 17:39:13,925 NanoPlot: Using 92970 reads with read length N50 of 1607bp and maximum of 4773bp.
2026-06-09 17:39:14,709 Saved SX03215_waterbird_2_raw/WeightedHistogramReadlength  as png (or png for --legacy)
2026-06-09 17:39:15,504 Saved SX03215_waterbird_2_raw/WeightedLogTransformed_HistogramReadlength  as png (or png for --legacy)
2026-06-09 17:39:16,291 Saved SX03215_waterbird_2_raw/Non_weightedHistogramReadlength  as png (or png for --legacy)
2026-06-09 17:39:17,065 Saved SX03215_waterbird_2_raw/Non_weightedLogTransformed_HistogramReadlength  as png (or png for --legacy)
2026-06-09 17:39:18,359 Saved SX03215_waterbird_2_raw/Yield_By_Length  as png (or png for --legacy)
2026-06-09 17:39:18,359 Created length plots
2026-06-09 17:39:18,363 NanoPlot: Creating Read lengths vs Average read quality plots using 92970 reads.
2026-06-09 17:39:19,790 Saved SX03215_waterbird_2_raw/LengthvsQualityScatterPlot_dot  as png (or png for --legacy)
2026-06-09 17:39:21,877 Saved SX03215_waterbird_2_raw/LengthvsQualityScatterPlot_kde  as png (or png for --legacy)
2026-06-09 17:39:21,877 Created LengthvsQual plot
2026-06-09 17:39:21,877 Writing html report.
2026-06-09 17:39:21,890 Finished!
