2026-06-09 17:11:08,984 NanoPlot 1.42.0 started with arguments Namespace(threads=12, verbose=False, store=False, raw=False, huge=False, outdir='ST05031_waterbird_1_raw', no_static=False, prefix='', tsv_stats=True, only_report=False, info_in_report=False, maxlength=None, minlength=None, drop_outliers=False, downsample=None, loglength=False, percentqual=False, alength=False, minqual=None, runtime_until=None, readtype='1D', barcoded=False, no_supplementary=False, color='#4CB391', colormap='Greens', format=['png'], plots=['kde', 'dot'], legacy=None, listcolors=False, listcolormaps=False, no_N50=False, N50=True, title=None, font_scale=1, dpi=100, hide_stats=False, fastq=['ST05031_waterbird_1.fastq.gz'], fasta=None, fastq_rich=None, fastq_minimal=None, summary=None, bam=None, ubam=None, cram=None, pickle=None, feather=None, path='ST05031_waterbird_1_raw/')
2026-06-09 17:11:08,984 Python version is: 3.12.3 | packaged by conda-forge | (main, Apr 15 2024, 18:38:13) [GCC 12.3.0]
2026-06-09 17:11:08,996 Nanoget: Starting to collect statistics from plain fastq file.
2026-06-09 17:11:08,997 Nanoget: Decompressing gzipped fastq ST05031_waterbird_1.fastq.gz
2026-06-09 17:11:20,143 Reduced DataFrame memory usage from 1.5477027893066406Mb to 1.5477027893066406Mb
2026-06-09 17:11:20,162 Nanoget: Gathered all metrics of 101422 reads
2026-06-09 17:11:20,204 Calculated statistics
2026-06-09 17:11:20,205 Using sequenced read lengths for plotting.
2026-06-09 17:11:20,209 NanoPlot:  Valid color #4CB391.
2026-06-09 17:11:20,209 NanoPlot:  Valid colormap Greens.
2026-06-09 17:11:20,213 NanoPlot:  Creating length plots for Read length.
2026-06-09 17:11:20,213 NanoPlot: Using 101422 reads with read length N50 of 1580bp and maximum of 5196bp.
2026-06-09 17:11:21,017 Saved ST05031_waterbird_1_raw/WeightedHistogramReadlength  as png (or png for --legacy)
2026-06-09 17:11:21,780 Saved ST05031_waterbird_1_raw/WeightedLogTransformed_HistogramReadlength  as png (or png for --legacy)
2026-06-09 17:11:22,581 Saved ST05031_waterbird_1_raw/Non_weightedHistogramReadlength  as png (or png for --legacy)
2026-06-09 17:11:23,364 Saved ST05031_waterbird_1_raw/Non_weightedLogTransformed_HistogramReadlength  as png (or png for --legacy)
2026-06-09 17:11:24,659 Saved ST05031_waterbird_1_raw/Yield_By_Length  as png (or png for --legacy)
2026-06-09 17:11:24,659 Created length plots
2026-06-09 17:11:24,663 NanoPlot: Creating Read lengths vs Average read quality plots using 101422 reads.
2026-06-09 17:11:26,091 Saved ST05031_waterbird_1_raw/LengthvsQualityScatterPlot_dot  as png (or png for --legacy)
2026-06-09 17:11:28,114 Saved ST05031_waterbird_1_raw/LengthvsQualityScatterPlot_kde  as png (or png for --legacy)
2026-06-09 17:11:28,114 Created LengthvsQual plot
2026-06-09 17:11:28,115 Writing html report.
2026-06-09 17:11:28,126 Finished!
