2026-06-09 17:17:25,145 NanoPlot 1.42.0 started with arguments Namespace(threads=12, verbose=False, store=False, raw=False, huge=False, outdir='ST05071_waterbird_3_raw', no_static=False, prefix='', tsv_stats=True, only_report=False, info_in_report=False, maxlength=None, minlength=None, drop_outliers=False, downsample=None, loglength=False, percentqual=False, alength=False, minqual=None, runtime_until=None, readtype='1D', barcoded=False, no_supplementary=False, color='#4CB391', colormap='Greens', format=['png'], plots=['kde', 'dot'], legacy=None, listcolors=False, listcolormaps=False, no_N50=False, N50=True, title=None, font_scale=1, dpi=100, hide_stats=False, fastq=['ST05071_waterbird_3.fastq.gz'], fasta=None, fastq_rich=None, fastq_minimal=None, summary=None, bam=None, ubam=None, cram=None, pickle=None, feather=None, path='ST05071_waterbird_3_raw/')
2026-06-09 17:17:25,145 Python version is: 3.12.3 | packaged by conda-forge | (main, Apr 15 2024, 18:38:13) [GCC 12.3.0]
2026-06-09 17:17:25,157 Nanoget: Starting to collect statistics from plain fastq file.
2026-06-09 17:17:25,157 Nanoget: Decompressing gzipped fastq ST05071_waterbird_3.fastq.gz
2026-06-09 17:17:42,182 Reduced DataFrame memory usage from 2.422809600830078Mb to 2.422809600830078Mb
2026-06-09 17:17:42,208 Nanoget: Gathered all metrics of 158773 reads
2026-06-09 17:17:42,267 Calculated statistics
2026-06-09 17:17:42,268 Using sequenced read lengths for plotting.
2026-06-09 17:17:42,274 NanoPlot:  Valid color #4CB391.
2026-06-09 17:17:42,274 NanoPlot:  Valid colormap Greens.
2026-06-09 17:17:42,280 NanoPlot:  Creating length plots for Read length.
2026-06-09 17:17:42,280 NanoPlot: Using 158773 reads with read length N50 of 1611bp and maximum of 19437bp.
2026-06-09 17:17:43,070 Saved ST05071_waterbird_3_raw/WeightedHistogramReadlength  as png (or png for --legacy)
2026-06-09 17:17:43,880 Saved ST05071_waterbird_3_raw/WeightedLogTransformed_HistogramReadlength  as png (or png for --legacy)
2026-06-09 17:17:44,675 Saved ST05071_waterbird_3_raw/Non_weightedHistogramReadlength  as png (or png for --legacy)
2026-06-09 17:17:45,474 Saved ST05071_waterbird_3_raw/Non_weightedLogTransformed_HistogramReadlength  as png (or png for --legacy)
2026-06-09 17:17:46,765 Saved ST05071_waterbird_3_raw/Yield_By_Length  as png (or png for --legacy)
2026-06-09 17:17:46,765 Created length plots
2026-06-09 17:17:46,769 NanoPlot: Creating Read lengths vs Average read quality plots using 158773 reads.
2026-06-09 17:17:48,175 Saved ST05071_waterbird_3_raw/LengthvsQualityScatterPlot_dot  as png (or png for --legacy)
2026-06-09 17:17:50,264 Saved ST05071_waterbird_3_raw/LengthvsQualityScatterPlot_kde  as png (or png for --legacy)
2026-06-09 17:17:50,264 Created LengthvsQual plot
2026-06-09 17:17:50,264 Writing html report.
2026-06-09 17:17:50,270 Finished!
