2026-06-09 17:23:25,364 NanoPlot 1.42.0 started with arguments Namespace(threads=12, verbose=False, store=False, raw=False, huge=False, outdir='ST05316_waterbird_2_filt', no_static=False, prefix='', tsv_stats=True, only_report=False, info_in_report=False, maxlength=None, minlength=None, drop_outliers=False, downsample=None, loglength=False, percentqual=False, alength=False, minqual=None, runtime_until=None, readtype='1D', barcoded=False, no_supplementary=False, color='#4CB391', colormap='Greens', format=['png'], plots=['kde', 'dot'], legacy=None, listcolors=False, listcolormaps=False, no_N50=False, N50=True, title=None, font_scale=1, dpi=100, hide_stats=False, fastq=['ST05316_waterbird_2_filt.fastq.gz'], fasta=None, fastq_rich=None, fastq_minimal=None, summary=None, bam=None, ubam=None, cram=None, pickle=None, feather=None, path='ST05316_waterbird_2_filt/')
2026-06-09 17:23:25,364 Python version is: 3.12.3 | packaged by conda-forge | (main, Apr 15 2024, 18:38:13) [GCC 12.3.0]
2026-06-09 17:23:25,375 Nanoget: Starting to collect statistics from plain fastq file.
2026-06-09 17:23:25,376 Nanoget: Decompressing gzipped fastq ST05316_waterbird_2_filt.fastq.gz
2026-06-09 17:23:36,726 Reduced DataFrame memory usage from 1.5148048400878906Mb to 1.5148048400878906Mb
2026-06-09 17:23:36,744 Nanoget: Gathered all metrics of 99266 reads
2026-06-09 17:23:36,785 Calculated statistics
2026-06-09 17:23:36,785 Using sequenced read lengths for plotting.
2026-06-09 17:23:36,789 NanoPlot:  Valid color #4CB391.
2026-06-09 17:23:36,789 NanoPlot:  Valid colormap Greens.
2026-06-09 17:23:36,793 NanoPlot:  Creating length plots for Read length.
2026-06-09 17:23:36,793 NanoPlot: Using 99266 reads with read length N50 of 1571bp and maximum of 1798bp.
2026-06-09 17:23:37,615 Saved ST05316_waterbird_2_filt/WeightedHistogramReadlength  as png (or png for --legacy)
2026-06-09 17:23:38,399 Saved ST05316_waterbird_2_filt/WeightedLogTransformed_HistogramReadlength  as png (or png for --legacy)
2026-06-09 17:23:39,182 Saved ST05316_waterbird_2_filt/Non_weightedHistogramReadlength  as png (or png for --legacy)
2026-06-09 17:23:39,956 Saved ST05316_waterbird_2_filt/Non_weightedLogTransformed_HistogramReadlength  as png (or png for --legacy)
2026-06-09 17:23:41,268 Saved ST05316_waterbird_2_filt/Yield_By_Length  as png (or png for --legacy)
2026-06-09 17:23:41,269 Created length plots
2026-06-09 17:23:41,273 NanoPlot: Creating Read lengths vs Average read quality plots using 99266 reads.
2026-06-09 17:23:42,701 Saved ST05316_waterbird_2_filt/LengthvsQualityScatterPlot_dot  as png (or png for --legacy)
2026-06-09 17:23:44,689 Saved ST05316_waterbird_2_filt/LengthvsQualityScatterPlot_kde  as png (or png for --legacy)
2026-06-09 17:23:44,690 Created LengthvsQual plot
2026-06-09 17:23:44,690 Writing html report.
2026-06-09 17:23:44,696 Finished!
